Archive member included to satisfy reference by file (symbol)

.pio/build/wiscore_rak4631/lib413/liblocal_cli.a(CLI_Impl.cpp.o)
                              .pio/build/wiscore_rak4631/src/main.cpp.o (xCreateCLITask)
.pio/build/wiscore_rak4631/lib413/liblocal_cli.a(heapCheck.cpp.o)
                              .pio/build/wiscore_rak4631/lib413/liblocal_cli.a(CLI_Impl.cpp.o) (registerHeapCheckCommand())
.pio/build/wiscore_rak4631/lib413/liblocal_cli.a(repeatCommand.cpp.o)
                              .pio/build/wiscore_rak4631/lib413/liblocal_cli.a(CLI_Impl.cpp.o) (registerRepeatCommand())
.pio/build/wiscore_rak4631/lib413/liblocal_cli.a(stackCheck.cpp.o)
                              .pio/build/wiscore_rak4631/lib413/liblocal_cli.a(CLI_Impl.cpp.o) (registerStackCheckCommand())
.pio/build/wiscore_rak4631/libFrameworkArduino.a(Print.cpp.o)
                              .pio/build/wiscore_rak4631/libdb1/Adafruit_TinyUSB_Arduino/arduino/midi/Adafruit_USBD_MIDI.cpp.o (Print::write(unsigned char const*, unsigned int))
.pio/build/wiscore_rak4631/libFrameworkArduino.a(abi.cpp.o)
                              .pio/build/wiscore_rak4631/libFrameworkArduino.a(Print.cpp.o) (__cxa_pure_virtual)
.pio/build/wiscore_rak4631/libFrameworkArduino.a(delay.c.o)
                              .pio/build/wiscore_rak4631/src/main.cpp.o (millis)
.pio/build/wiscore_rak4631/libFrameworkArduino.a(heap_3.c.o)
                              .pio/build/wiscore_rak4631/src/main.cpp.o (pvPortMalloc)
.pio/build/wiscore_rak4631/libFrameworkArduino.a(queue.c.o)
                              .pio/build/wiscore_rak4631/libdb1/Adafruit_TinyUSB_Arduino/device/usbd.c.o (xQueueGenericCreateStatic)
.pio/build/wiscore_rak4631/libFrameworkArduino.a(tasks.c.o)
                              .pio/build/wiscore_rak4631/libdb1/Adafruit_TinyUSB_Arduino/arduino/ports/nrf/Adafruit_TinyUSB_nrf.cpp.o (xTaskCreate)
.pio/build/wiscore_rak4631/libFrameworkArduino.a(timers.c.o)
                              .pio/build/wiscore_rak4631/libFrameworkArduino.a(tasks.c.o) (xTimerCreateTimerTask)
.pio/build/wiscore_rak4631/libFrameworkArduino.a(port_cmsis.c.o)
                              .pio/build/wiscore_rak4631/libFrameworkArduino.a(tasks.c.o) (pxPortInitialiseStack)
.pio/build/wiscore_rak4631/libFrameworkArduino.a(port_cmsis_systick.c.o)
                              .pio/build/wiscore_rak4631/libFrameworkArduino.a(port_cmsis.c.o) (vPortSetupTimerInterrupt)
.pio/build/wiscore_rak4631/libFrameworkArduino.a(port.c.o)
                              .pio/build/wiscore_rak4631/libFrameworkArduino.a(port_cmsis.c.o) (vPortStartFirstTask)
.pio/build/wiscore_rak4631/libFrameworkArduino.a(hooks.c.o)
                              .pio/build/wiscore_rak4631/libFrameworkArduino.a(tasks.c.o) (vApplicationIdleHook)
.pio/build/wiscore_rak4631/libFrameworkArduino.a(gcc_startup_nrf52840.S.o)
                              .pio/build/wiscore_rak4631/libFrameworkArduino.a(port.c.o) (__isr_vector)
.pio/build/wiscore_rak4631/libFrameworkArduino.a(main.cpp.o)
                              /home/leroy/.platformio/packages/toolchain-gccarmnoneeabi@1.70201.0/bin/../lib/gcc/arm-none-eabi/7.2.1/../../../../arm-none-eabi/lib/thumb/v7e-m/fpv4-sp/hard/crt0.o (main)
.pio/build/wiscore_rak4631/libFrameworkArduino.a(nrfx_power.c.o)
                              .pio/build/wiscore_rak4631/libdb1/Adafruit_TinyUSB_Arduino/arduino/ports/nrf/Adafruit_TinyUSB_nrf.cpp.o (nrfx_power_init)
.pio/build/wiscore_rak4631/libFrameworkArduino.a(system_nrf52840.c.o)
                              .pio/build/wiscore_rak4631/libFrameworkArduino.a(gcc_startup_nrf52840.S.o) (SystemInit)
.pio/build/wiscore_rak4631/libFrameworkArduino.a(rtos.cpp.o)
                              .pio/build/wiscore_rak4631/libFrameworkArduino.a(tasks.c.o) (vApplicationStackOverflowHook)
.pio/build/wiscore_rak4631/libFrameworkArduino.a(AdaCallback.c.o)
                              .pio/build/wiscore_rak4631/libFrameworkArduino.a(main.cpp.o) (ada_callback_init)
.pio/build/wiscore_rak4631/libFrameworkArduino.a(debug.cpp.o)
                              .pio/build/wiscore_rak4631/lib413/liblocal_cli.a(stackCheck.cpp.o) (dbgMemInfo)
.pio/build/wiscore_rak4631/libFrameworkArduino.a(utilities.c.o)
                              .pio/build/wiscore_rak4631/libFrameworkArduino.a(debug.cpp.o) (lookup_find)
.pio/build/wiscore_rak4631/libFrameworkArduino.a(wiring.c.o)
                              .pio/build/wiscore_rak4631/libFrameworkArduino.a(main.cpp.o) (init)
.pio/build/wiscore_rak4631/libFrameworkArduino.a(list.c.o)
                              .pio/build/wiscore_rak4631/libFrameworkArduino.a(queue.c.o) (vListInitialise)
.pio/build/wiscore_rak4631/lib0a0/libFreeRTOS_cli.a(FreeRTOS_CLI.c.o)
                              .pio/build/wiscore_rak4631/lib413/liblocal_cli.a(CLI_Impl.cpp.o) (FreeRTOS_CLIRegisterCommand)
.pio/build/wiscore_rak4631/libFrameworkArduinoVariant.a(variant.cpp.o)
[...]
Memory Configuration

Name             Origin             Length             Attributes
FLASH            0x0000000000026000 0x00000000000c7000 xr
RAM              0x0000000020006000 0x000000000003a000 xrw
*default*        0x0000000000000000 0xffffffffffffffff

Linker script and memory map

                0x0000000000000800                __StackSize = 0x800
                0x0000000020040000                PROVIDE (__StackTop, (ORIGIN (RAM) + LENGTH (RAM)))
                0x000000002003f800                PROVIDE (__StackLimit, (__StackTop - __StackSize))
                0x0000000020040000                PROVIDE (__stack, __StackTop)
                0x0000000000026000                __flash_arduino_start = ORIGIN (FLASH)
                0x00000000000ed000                __flash_arduino_end = (ORIGIN (FLASH) + LENGTH (FLASH))

.text           0x0000000000026000     0xcb7c
 *(.isr_vector)
 .isr_vector    0x0000000000026000      0x200 .pio/build/wiscore_rak4631/libFrameworkArduino.a(gcc_startup_nrf52840.S.o)
                0x0000000000026000                __isr_vector
 *(.text*)
 .text          0x0000000000026200       0x40 /home/leroy/.platformio/packages/toolchain-gccarmnoneeabi@1.70201.0/bin/../lib/gcc/arm-none-eabi/7.2.1/thumb/v7e-m/fpv4-sp/hard/crtbegin.o
 .text          0x0000000000026240       0x74 /home/leroy/.platformio/packages/toolchain-gccarmnoneeabi@1.70201.0/bin/../lib/gcc/arm-none-eabi/7.2.1/../../../../arm-none-eabi/lib/thumb/v7e-m/fpv4-sp/hard/crt0.o
                0x0000000000026240                _mainCRTStartup
                0x0000000000026240                _start
 .text.TinyUSB_Device_Init
                0x00000000000262b4       0x10 .pio/build/wiscore_rak4631/libdb1/Adafruit_TinyUSB_Arduino/arduino/Adafruit_TinyUSB_API.cpp.o
                0x00000000000262b4                TinyUSB_Device_Init
 .text.TinyUSB_Device_FlushCDC
                0x00000000000262c4       0x1c .pio/build/wiscore_rak4631/libdb1/Adafruit_TinyUSB_Arduino/arduino/Adafruit_TinyUSB_API.cpp.o
                0x00000000000262c4                TinyUSB_Device_FlushCDC
 .text._ZN17Adafruit_USBD_CDC22getInterfaceDescriptorEhPht
                0x00000000000262e0      0x126 .pio/build/wiscore_rak4631/libdb1/Adafruit_TinyUSB_Arduino/arduino/Adafruit_USBD_CDC.cpp.o
                0x00000000000262e0                Adafruit_USBD_CDC::getInterfaceDescriptor(unsigned char, unsigned char*, unsigned short)
 .text._ZThn16_N17Adafruit_USBD_CDC22getInterfaceDescriptorEhPht
                0x0000000000026406        0x8 .pio/build/wiscore_rak4631/libdb1/Adafruit_TinyUSB_Arduino/arduino/Adafruit_USBD_CDC.cpp.o
                0x0000000000026406                non-virtual thunk to Adafruit_USBD_CDC::getInterfaceDescriptor(unsigned char, unsigned char*, unsigned short)
 .text._ZN17Adafruit_USBD_CDC5writeEh
                0x000000000002640e       0x18 .pio/build/wiscore_rak4631/libdb1/Adafruit_TinyUSB_Arduino/arduino/Adafruit_USBD_CDC.cpp.o
                0x000000000002640e                Adafruit_USBD_CDC::write(unsigned char)
 .text._ZN17Adafruit_USBD_CDC9availableEv
                0x0000000000026426       0x1e .pio/build/wiscore_rak4631/libdb1/Adafruit_TinyUSB_Arduino/arduino/Adafruit_USBD_CDC.cpp.o
                0x0000000000026426                Adafruit_USBD_CDC::available()
 .text._ZN17Adafruit_USBD_CDC4peekEv
                0x0000000000026444       0x2a .pio/build/wiscore_rak4631/libdb1/Adafruit_TinyUSB_Arduino/arduino/Adafruit_USBD_CDC.cpp.o
                0x0000000000026444                Adafruit_USBD_CDC::peek()
 .text._ZN17Adafruit_USBD_CDC4readEv
                0x000000000002646e       0x2c .pio/build/wiscore_rak4631/libdb1/Adafruit_TinyUSB_Arduino/arduino/Adafruit_USBD_CDC.cpp.o
                0x000000000002646e                Adafruit_USBD_CDC::read()
 .text._ZN17Adafruit_USBD_CDC5flushEv
                0x000000000002649a       0x10 .pio/build/wiscore_rak4631/libdb1/Adafruit_TinyUSB_Arduino/arduino/Adafruit_USBD_CDC.cpp.o
                0x000000000002649a                Adafruit_USBD_CDC::flush()
 .text._ZN17Adafruit_USBD_CDC5writeEPKhj
                0x00000000000264aa       0x3e .pio/build/wiscore_rak4631/libdb1/Adafruit_TinyUSB_Arduino/arduino/Adafruit_USBD_CDC.cpp.o
                0x00000000000264aa                Adafruit_USBD_CDC::write(unsigned char const*, unsigned int)
 .text._ZN17Adafruit_USBD_CDC17availableForWriteEv
                0x00000000000264e8       0x12 .pio/build/wiscore_rak4631/libdb1/Adafruit_TinyUSB_Arduino/arduino/Adafruit_USBD_CDC.cpp.o
                0x00000000000264e8                Adafruit_USBD_CDC::availableForWrite()
 *fill*         0x00000000000264fa        0x2 
 .text._ZN17Adafruit_USBD_CDC16getInstanceCountEv
                0x00000000000264fc        0xc .pio/build/wiscore_rak4631/libdb1/Adafruit_TinyUSB_Arduino/arduino/Adafruit_USBD_CDC.cpp.o
                0x00000000000264fc                Adafruit_USBD_CDC::getInstanceCount()
 .text._ZN17Adafruit_USBD_CDCC2Ev
                0x0000000000026508       0x24 .pio/build/wiscore_rak4631/libdb1/Adafruit_TinyUSB_Arduino/arduino/Adafruit_USBD_CDC.cpp.o
                0x0000000000026508                Adafruit_USBD_CDC::Adafruit_USBD_CDC()
                0x0000000000026508                Adafruit_USBD_CDC::Adafruit_USBD_CDC()
 .text._Z41__static_initialization_and_destruction_0ii
                0x000000000002652c       0x20 .pio/build/wiscore_rak4631/libdb1/Adafruit_TinyUSB_Arduino/arduino/Adafruit_USBD_CDC.cpp.o
 .text._ZN17Adafruit_USBD_CDC5beginEm
                0x000000000002654c       0x38 .pio/build/wiscore_rak4631/libdb1/Adafruit_TinyUSB_Arduino/arduino/Adafruit_USBD_CDC.cpp.o
                0x000000000002654c                Adafruit_USBD_CDC::begin(unsigned long)
 .text._ZN17Adafruit_USBD_CDCcvbEv
                0x0000000000026584       0x1c .pio/build/wiscore_rak4631/libdb1/Adafruit_TinyUSB_Arduino/arduino/Adafruit_USBD_CDC.cpp.o
                0x0000000000026584                Adafruit_USBD_CDC::operator bool()
 .text.tud_cdc_line_state_cb
                0x00000000000265a0       0x24 .pio/build/wiscore_rak4631/libdb1/Adafruit_TinyUSB_Arduino/arduino/Adafruit_USBD_CDC.cpp.o
                0x00000000000265a0                tud_cdc_line_state_cb
 .text._GLOBAL__sub_I_Serial
                0x00000000000265c4        0xe .pio/build/wiscore_rak4631/libdb1/Adafruit_TinyUSB_Arduino/arduino/Adafruit_USBD_CDC.cpp.o
 .text._ZL13utf8CodepointPKhPm
                0x00000000000265d2       0xe6 .pio/build/wiscore_rak4631/libdb1/Adafruit_TinyUSB_Arduino/arduino/Adafruit_USBD_Device.cpp.o
 .text._ZL12strcpy_utf16PKcPti
                0x00000000000266b8       0x68 .pio/build/wiscore_rak4631/libdb1/Adafruit_TinyUSB_Arduino/arduino/Adafruit_USBD_Device.cpp.o
 .text._ZN20Adafruit_USBD_Device18clearConfigurationEv
                0x0000000000026720       0x9c .pio/build/wiscore_rak4631/libdb1/Adafruit_TinyUSB_Arduino/arduino/Adafruit_USBD_Device.cpp.o
                0x0000000000026720                Adafruit_USBD_Device::clearConfiguration()
 .text._ZN20Adafruit_USBD_Device12addInterfaceER23Adafruit_USBD_Interface
                0x00000000000267bc       0xb4 .pio/build/wiscore_rak4631/libdb1/Adafruit_TinyUSB_Arduino/arduino/Adafruit_USBD_Device.cpp.o
                0x00000000000267bc                Adafruit_USBD_Device::addInterface(Adafruit_USBD_Interface&)
 .text._ZN20Adafruit_USBD_Device19getSerialDescriptorEPt
                0x0000000000026870       0x64 .pio/build/wiscore_rak4631/libdb1/Adafruit_TinyUSB_Arduino/arduino/Adafruit_USBD_Device.cpp.o
                0x0000000000026870                Adafruit_USBD_Device::getSerialDescriptor(unsigned short*)
 .text._ZN20Adafruit_USBD_Device5beginEh
                0x00000000000268d4       0x30 .pio/build/wiscore_rak4631/libdb1/Adafruit_TinyUSB_Arduino/arduino/Adafruit_USBD_Device.cpp.o
                0x00000000000268d4                Adafruit_USBD_Device::begin(unsigned char)
 .text._ZN20Adafruit_USBD_Device20descriptor_string_cbEht
                0x0000000000026904       0x52 .pio/build/wiscore_rak4631/libdb1/Adafruit_TinyUSB_Arduino/arduino/Adafruit_USBD_Device.cpp.o
                0x0000000000026904                Adafruit_USBD_Device::descriptor_string_cb(unsigned char, unsigned short)
 *fill*         0x0000000000026956        0x2 
 .text.tud_descriptor_device_cb
                0x0000000000026958        0x8 .pio/build/wiscore_rak4631/libdb1/Adafruit_TinyUSB_Arduino/arduino/Adafruit_USBD_Device.cpp.o
                0x0000000000026958                tud_descriptor_device_cb
 .text.tud_descriptor_configuration_cb
                0x0000000000026960        0xc .pio/build/wiscore_rak4631/libdb1/Adafruit_TinyUSB_Arduino/arduino/Adafruit_USBD_Device.cpp.o
                0x0000000000026960                tud_descriptor_configuration_cb
 .text.tud_descriptor_string_cb
                0x000000000002696c       0x14 .pio/build/wiscore_rak4631/libdb1/Adafruit_TinyUSB_Arduino/arduino/Adafruit_USBD_Device.cpp.o
                0x000000000002696c                tud_descriptor_string_cb
 .text.tud_hid_descriptor_report_cb
                0x0000000000026980       0x14 .pio/build/wiscore_rak4631/libdb1/Adafruit_TinyUSB_Arduino/arduino/hid/Adafruit_USBD_HID.cpp.o
                0x0000000000026980                tud_hid_descriptor_report_cb
 .text.tud_hid_get_report_cb
                0x0000000000026994       0x2c .pio/build/wiscore_rak4631/libdb1/Adafruit_TinyUSB_Arduino/arduino/hid/Adafruit_USBD_HID.cpp.o
                0x0000000000026994                tud_hid_get_report_cb
 .text.tud_hid_set_report_cb
                0x00000000000269c0       0x24 .pio/build/wiscore_rak4631/libdb1/Adafruit_TinyUSB_Arduino/arduino/hid/Adafruit_USBD_HID.cpp.o
                0x00000000000269c0                tud_hid_set_report_cb
 .text._ZN17Adafruit_USBD_MSC9getMaxLunEv
                0x00000000000269e4        0x6 .pio/build/wiscore_rak4631/libdb1/Adafruit_TinyUSB_Arduino/arduino/msc/Adafruit_USBD_MSC.cpp.o
                0x00000000000269e4                Adafruit_USBD_MSC::getMaxLun()
 *fill*         0x00000000000269ea        0x2 
 .text.tud_msc_get_maxlun_cb
                0x00000000000269ec       0x18 .pio/build/wiscore_rak4631/libdb1/Adafruit_TinyUSB_Arduino/arduino/msc/Adafruit_USBD_MSC.cpp.o
                0x00000000000269ec                tud_msc_get_maxlun_cb
 .text.tud_msc_inquiry_cb
                0x0000000000026a04       0x98 .pio/build/wiscore_rak4631/libdb1/Adafruit_TinyUSB_Arduino/arduino/msc/Adafruit_USBD_MSC.cpp.o
                0x0000000000026a04                tud_msc_inquiry_cb
 .text.tud_msc_test_unit_ready_cb
                0x0000000000026a9c       0x40 .pio/build/wiscore_rak4631/libdb1/Adafruit_TinyUSB_Arduino/arduino/msc/Adafruit_USBD_MSC.cpp.o
                0x0000000000026a9c                tud_msc_test_unit_ready_cb
 .text.tud_msc_capacity_cb
                0x0000000000026adc       0x28 .pio/build/wiscore_rak4631/libdb1/Adafruit_TinyUSB_Arduino/arduino/msc/Adafruit_USBD_MSC.cpp.o
                0x0000000000026adc                tud_msc_capacity_cb
 .text.tud_msc_scsi_cb
                0x0000000000026b04       0x28 .pio/build/wiscore_rak4631/libdb1/Adafruit_TinyUSB_Arduino/arduino/msc/Adafruit_USBD_MSC.cpp.o
                0x0000000000026b04                tud_msc_scsi_cb
 .text.tud_msc_read10_cb
                0x0000000000026b2c       0x30 .pio/build/wiscore_rak4631/libdb1/Adafruit_TinyUSB_Arduino/arduino/msc/Adafruit_USBD_MSC.cpp.o
                0x0000000000026b2c                tud_msc_read10_cb
 .text.tud_msc_write10_cb
                0x0000000000026b5c       0x30 .pio/build/wiscore_rak4631/libdb1/Adafruit_TinyUSB_Arduino/arduino/msc/Adafruit_USBD_MSC.cpp.o
                0x0000000000026b5c                tud_msc_write10_cb
 .text.tud_msc_write10_complete_cb
                0x0000000000026b8c       0x1c .pio/build/wiscore_rak4631/libdb1/Adafruit_TinyUSB_Arduino/arduino/msc/Adafruit_USBD_MSC.cpp.o
                0x0000000000026b8c                tud_msc_write10_complete_cb
 .text._ZL17usb_hardware_initv
                0x0000000000026ba8       0x40 .pio/build/wiscore_rak4631/libdb1/Adafruit_TinyUSB_Arduino/arduino/ports/nrf/Adafruit_TinyUSB_nrf.cpp.o
 .text._ZL15usb_device_taskPv
                0x0000000000026be8       0x1c .pio/build/wiscore_rak4631/libdb1/Adafruit_TinyUSB_Arduino/arduino/ports/nrf/Adafruit_TinyUSB_nrf.cpp.o
 .text._ZL19power_event_handler20nrfx_power_usb_evt_t
                0x0000000000026c04        0x8 .pio/build/wiscore_rak4631/libdb1/Adafruit_TinyUSB_Arduino/arduino/ports/nrf/Adafruit_TinyUSB_nrf.cpp.o
 .text.USBD_IRQHandler
                0x0000000000026c0c        0xa .pio/build/wiscore_rak4631/libdb1/Adafruit_TinyUSB_Arduino/arduino/ports/nrf/Adafruit_TinyUSB_nrf.cpp.o
                0x0000000000026c0c                USBD_IRQHandler
 *fill*         0x0000000000026c16        0x2 
 .text._Z23TinyUSB_Port_InitDeviceh
                0x0000000000026c18       0x24 .pio/build/wiscore_rak4631/libdb1/Adafruit_TinyUSB_Arduino/arduino/ports/nrf/Adafruit_TinyUSB_nrf.cpp.o
                0x0000000000026c18                TinyUSB_Port_InitDevice(unsigned char)
 .text._Z21TinyUSB_Port_EnterDFUv
                0x0000000000026c3c        0x8 .pio/build/wiscore_rak4631/libdb1/Adafruit_TinyUSB_Arduino/arduino/ports/nrf/Adafruit_TinyUSB_nrf.cpp.o
                0x0000000000026c3c                TinyUSB_Port_EnterDFU()
 .text._Z28TinyUSB_Port_GetSerialNumberPh
                0x0000000000026c44       0x14 .pio/build/wiscore_rak4631/libdb1/Adafruit_TinyUSB_Arduino/arduino/ports/nrf/Adafruit_TinyUSB_nrf.cpp.o
                0x0000000000026c44                TinyUSB_Port_GetSerialNumber(unsigned char*)
 .text.tud_descriptor_bos_cb
                0x0000000000026c58        0x8 .pio/build/wiscore_rak4631/libdb1/Adafruit_TinyUSB_Arduino/arduino/webusb/Adafruit_USBD_WebUSB.cpp.o
                0x0000000000026c58                tud_descriptor_bos_cb
 .text.tud_vendor_control_xfer_cb
                0x0000000000026c60       0x90 .pio/build/wiscore_rak4631/libdb1/Adafruit_TinyUSB_Arduino/arduino/webusb/Adafruit_USBD_WebUSB.cpp.o
                0x0000000000026c60                tud_vendor_control_xfer_cb
 .text._prep_out_transaction
                0x0000000000026cf0       0x44 .pio/build/wiscore_rak4631/libdb1/Adafruit_TinyUSB_Arduino/class/cdc/cdc_device.c.o
 .text.tud_cdc_n_connected
                0x0000000000026d34       0x40 .pio/build/wiscore_rak4631/libdb1/Adafruit_TinyUSB_Arduino/class/cdc/cdc_device.c.o
                0x0000000000026d34                tud_cdc_n_connected
 .text.tud_cdc_n_get_line_coding
                0x0000000000026d74       0x20 .pio/build/wiscore_rak4631/libdb1/Adafruit_TinyUSB_Arduino/class/cdc/cdc_device.c.o
                0x0000000000026d74                tud_cdc_n_get_line_coding
 .text.tud_cdc_n_available
                0x0000000000026d94       0x1c .pio/build/wiscore_rak4631/libdb1/Adafruit_TinyUSB_Arduino/class/cdc/cdc_device.c.o
                0x0000000000026d94                tud_cdc_n_available
 .text.tud_cdc_n_read
                0x0000000000026db0       0x28 .pio/build/wiscore_rak4631/libdb1/Adafruit_TinyUSB_Arduino/class/cdc/cdc_device.c.o
                0x0000000000026db0                tud_cdc_n_read
 .text.tud_cdc_n_peek
                0x0000000000026dd8       0x1c .pio/build/wiscore_rak4631/libdb1/Adafruit_TinyUSB_Arduino/class/cdc/cdc_device.c.o
                0x0000000000026dd8                tud_cdc_n_peek
 .text.tud_cdc_n_write_flush
                0x0000000000026df4       0xc0 .pio/build/wiscore_rak4631/libdb1/Adafruit_TinyUSB_Arduino/class/cdc/cdc_device.c.o
                0x0000000000026df4                tud_cdc_n_write_flush
 .text.tud_cdc_n_write
                0x0000000000026eb4       0x3c .pio/build/wiscore_rak4631/libdb1/Adafruit_TinyUSB_Arduino/class/cdc/cdc_device.c.o
                0x0000000000026eb4                tud_cdc_n_write
 .text.tud_cdc_n_write_available
                0x0000000000026ef0       0x1c .pio/build/wiscore_rak4631/libdb1/Adafruit_TinyUSB_Arduino/class/cdc/cdc_device.c.o
                0x0000000000026ef0                tud_cdc_n_write_available
 .text.cdcd_init
                0x0000000000026f0c       0xb0 .pio/build/wiscore_rak4631/libdb1/Adafruit_TinyUSB_Arduino/class/cdc/cdc_device.c.o
                0x0000000000026f0c                cdcd_init
 .text.cdcd_reset
                0x0000000000026fbc       0x44 .pio/build/wiscore_rak4631/libdb1/Adafruit_TinyUSB_Arduino/class/cdc/cdc_device.c.o
                0x0000000000026fbc                cdcd_reset
 .text.cdcd_open
                0x0000000000027000       0xf8 .pio/build/wiscore_rak4631/libdb1/Adafruit_TinyUSB_Arduino/class/cdc/cdc_device.c.o
                0x0000000000027000                cdcd_open
 .text.cdcd_control_xfer_cb
                0x00000000000270f8      0x10c .pio/build/wiscore_rak4631/libdb1/Adafruit_TinyUSB_Arduino/class/cdc/cdc_device.c.o
                0x00000000000270f8                cdcd_control_xfer_cb
 .text.cdcd_xfer_cb
                0x0000000000027204      0x120 .pio/build/wiscore_rak4631/libdb1/Adafruit_TinyUSB_Arduino/class/cdc/cdc_device.c.o
                0x0000000000027204                cdcd_xfer_cb
 .text.hidd_reset
                0x0000000000027324       0x14 .pio/build/wiscore_rak4631/libdb1/Adafruit_TinyUSB_Arduino/class/hid/hid_device.c.o
                0x0000000000027324                hidd_reset
 .text.hidd_init
                0x0000000000027338        0xa .pio/build/wiscore_rak4631/libdb1/Adafruit_TinyUSB_Arduino/class/hid/hid_device.c.o
                0x0000000000027338                hidd_init
 *fill*         0x0000000000027342        0x2 
 .text.hidd_open
                0x0000000000027344      0x110 .pio/build/wiscore_rak4631/libdb1/Adafruit_TinyUSB_Arduino/class/hid/hid_device.c.o
                0x0000000000027344                hidd_open
 .text.hidd_control_xfer_cb
                0x0000000000027454      0x26c .pio/build/wiscore_rak4631/libdb1/Adafruit_TinyUSB_Arduino/class/hid/hid_device.c.o
                0x0000000000027454                hidd_control_xfer_cb
 .text.hidd_xfer_cb
                0x00000000000276c0       0xa8 .pio/build/wiscore_rak4631/libdb1/Adafruit_TinyUSB_Arduino/class/hid/hid_device.c.o
                0x00000000000276c0                hidd_xfer_cb
 .text._prep_out_transaction
                0x0000000000027768       0x44 .pio/build/wiscore_rak4631/libdb1/Adafruit_TinyUSB_Arduino/class/midi/midi_device.c.o
 .text.write_flush
                0x00000000000277ac       0x68 .pio/build/wiscore_rak4631/libdb1/Adafruit_TinyUSB_Arduino/class/midi/midi_device.c.o
 .text.midid_init
                0x0000000000027814       0x8c .pio/build/wiscore_rak4631/libdb1/Adafruit_TinyUSB_Arduino/class/midi/midi_device.c.o
                0x0000000000027814                midid_init
 .text.midid_reset
                0x00000000000278a0       0x40 .pio/build/wiscore_rak4631/libdb1/Adafruit_TinyUSB_Arduino/class/midi/midi_device.c.o
                0x00000000000278a0                midid_reset
 .text.midid_open
                0x00000000000278e0      0x11c .pio/build/wiscore_rak4631/libdb1/Adafruit_TinyUSB_Arduino/class/midi/midi_device.c.o
                0x00000000000278e0                midid_open
 .text.midid_control_xfer_cb
                0x00000000000279fc        0x4 .pio/build/wiscore_rak4631/libdb1/Adafruit_TinyUSB_Arduino/class/midi/midi_device.c.o
                0x00000000000279fc                midid_control_xfer_cb
 .text.midid_xfer_cb
                0x0000000000027a00       0xc4 .pio/build/wiscore_rak4631/libdb1/Adafruit_TinyUSB_Arduino/class/midi/midi_device.c.o
                0x0000000000027a00                midid_xfer_cb
 .text.tud_msc_set_sense
                0x0000000000027ac4       0x18 .pio/build/wiscore_rak4631/libdb1/Adafruit_TinyUSB_Arduino/class/msc/msc_device.c.o
                0x0000000000027ac4                tud_msc_set_sense
 .text.proc_builtin_scsi
                0x0000000000027adc      0x280 .pio/build/wiscore_rak4631/libdb1/Adafruit_TinyUSB_Arduino/class/msc/msc_device.c.o
 .text.proc_read10_cmd
                0x0000000000027d5c       0xcc .pio/build/wiscore_rak4631/libdb1/Adafruit_TinyUSB_Arduino/class/msc/msc_device.c.o
 .text.proc_write10_cmd
                0x0000000000027e28       0x70 .pio/build/wiscore_rak4631/libdb1/Adafruit_TinyUSB_Arduino/class/msc/msc_device.c.o
 .text.mscd_init
                0x0000000000027e98       0x14 .pio/build/wiscore_rak4631/libdb1/Adafruit_TinyUSB_Arduino/class/msc/msc_device.c.o
                0x0000000000027e98                mscd_init
 .text.mscd_reset
                0x0000000000027eac       0x14 .pio/build/wiscore_rak4631/libdb1/Adafruit_TinyUSB_Arduino/class/msc/msc_device.c.o
                0x0000000000027eac                mscd_reset
 .text.mscd_open
                0x0000000000027ec0       0xa4 .pio/build/wiscore_rak4631/libdb1/Adafruit_TinyUSB_Arduino/class/msc/msc_device.c.o
                0x0000000000027ec0                mscd_open
 .text.mscd_control_xfer_cb
                0x0000000000027f64       0x6c .pio/build/wiscore_rak4631/libdb1/Adafruit_TinyUSB_Arduino/class/msc/msc_device.c.o
                0x0000000000027f64                mscd_control_xfer_cb
 .text.mscd_xfer_cb
                0x0000000000027fd0      0x3a8 .pio/build/wiscore_rak4631/libdb1/Adafruit_TinyUSB_Arduino/class/msc/msc_device.c.o
                0x0000000000027fd0                mscd_xfer_cb
 .text._prep_out_transaction
                0x0000000000028378       0x2a .pio/build/wiscore_rak4631/libdb1/Adafruit_TinyUSB_Arduino/class/vendor/vendor_device.c.o
 *fill*         0x00000000000283a2        0x2 
 .text.maybe_transmit
                0x00000000000283a4       0x50 .pio/build/wiscore_rak4631/libdb1/Adafruit_TinyUSB_Arduino/class/vendor/vendor_device.c.o
 .text.vendord_init
                0x00000000000283f4       0x90 .pio/build/wiscore_rak4631/libdb1/Adafruit_TinyUSB_Arduino/class/vendor/vendor_device.c.o
                0x00000000000283f4                vendord_init
 .text.vendord_reset
                0x0000000000028484       0x34 .pio/build/wiscore_rak4631/libdb1/Adafruit_TinyUSB_Arduino/class/vendor/vendor_device.c.o
                0x0000000000028484                vendord_reset
 .text.vendord_open
                0x00000000000284b8       0xbc .pio/build/wiscore_rak4631/libdb1/Adafruit_TinyUSB_Arduino/class/vendor/vendor_device.c.o
                0x00000000000284b8                vendord_open
 .text.vendord_xfer_cb
                0x0000000000028574       0x64 .pio/build/wiscore_rak4631/libdb1/Adafruit_TinyUSB_Arduino/class/vendor/vendor_device.c.o
                0x0000000000028574                vendord_xfer_cb
 .text.advance_pointer
                0x00000000000285d8       0x18 .pio/build/wiscore_rak4631/libdb1/Adafruit_TinyUSB_Arduino/common/tusb_fifo.c.o
 .text.backward_pointer
                0x00000000000285f0       0x22 .pio/build/wiscore_rak4631/libdb1/Adafruit_TinyUSB_Arduino/common/tusb_fifo.c.o
 .text.get_relative_pointer
                0x0000000000028612       0x10 .pio/build/wiscore_rak4631/libdb1/Adafruit_TinyUSB_Arduino/common/tusb_fifo.c.o
 .text._tu_fifo_peek
                0x0000000000028622       0x4c .pio/build/wiscore_rak4631/libdb1/Adafruit_TinyUSB_Arduino/common/tusb_fifo.c.o
 .text._ff_pull_const_addr
                0x000000000002866e       0x36 .pio/build/wiscore_rak4631/libdb1/Adafruit_TinyUSB_Arduino/common/tusb_fifo.c.o
 .text._ff_pull_n
                0x00000000000286a4       0xf0 .pio/build/wiscore_rak4631/libdb1/Adafruit_TinyUSB_Arduino/common/tusb_fifo.c.o
 .text._tu_fifo_peek_n
                0x0000000000028794       0x5e .pio/build/wiscore_rak4631/libdb1/Adafruit_TinyUSB_Arduino/common/tusb_fifo.c.o
 .text._tu_fifo_read_n
                0x00000000000287f2       0x4c .pio/build/wiscore_rak4631/libdb1/Adafruit_TinyUSB_Arduino/common/tusb_fifo.c.o
 .text._ff_push_const_addr
                0x000000000002883e       0x30 .pio/build/wiscore_rak4631/libdb1/Adafruit_TinyUSB_Arduino/common/tusb_fifo.c.o
 .text._ff_push_n
                0x000000000002886e       0xf6 .pio/build/wiscore_rak4631/libdb1/Adafruit_TinyUSB_Arduino/common/tusb_fifo.c.o
 .text._tu_fifo_write_n
                0x0000000000028964       0x98 .pio/build/wiscore_rak4631/libdb1/Adafruit_TinyUSB_Arduino/common/tusb_fifo.c.o
 .text.tu_fifo_config
                0x00000000000289fc       0x6c .pio/build/wiscore_rak4631/libdb1/Adafruit_TinyUSB_Arduino/common/tusb_fifo.c.o
                0x00000000000289fc                tu_fifo_config
 .text.tu_fifo_count
                0x0000000000028a68       0x20 .pio/build/wiscore_rak4631/libdb1/Adafruit_TinyUSB_Arduino/common/tusb_fifo.c.o
                0x0000000000028a68                tu_fifo_count
 .text.tu_fifo_empty
                0x0000000000028a88       0x12 .pio/build/wiscore_rak4631/libdb1/Adafruit_TinyUSB_Arduino/common/tusb_fifo.c.o
                0x0000000000028a88                tu_fifo_empty
 .text.tu_fifo_remaining
                0x0000000000028a9a       0x24 .pio/build/wiscore_rak4631/libdb1/Adafruit_TinyUSB_Arduino/common/tusb_fifo.c.o
                0x0000000000028a9a                tu_fifo_remaining
 .text.tu_fifo_read_n
                0x0000000000028abe        0xa .pio/build/wiscore_rak4631/libdb1/Adafruit_TinyUSB_Arduino/common/tusb_fifo.c.o
                0x0000000000028abe                tu_fifo_read_n
 .text.tu_fifo_peek
                0x0000000000028ac8       0x32 .pio/build/wiscore_rak4631/libdb1/Adafruit_TinyUSB_Arduino/common/tusb_fifo.c.o
                0x0000000000028ac8                tu_fifo_peek
 .text.tu_fifo_write_n
                0x0000000000028afa        0xa .pio/build/wiscore_rak4631/libdb1/Adafruit_TinyUSB_Arduino/common/tusb_fifo.c.o
                0x0000000000028afa                tu_fifo_write_n
 .text.tu_fifo_clear
                0x0000000000028b04       0x50 .pio/build/wiscore_rak4631/libdb1/Adafruit_TinyUSB_Arduino/common/tusb_fifo.c.o
                0x0000000000028b04                tu_fifo_clear
 .text.tu_fifo_set_overwritable
                0x0000000000028b54       0x40 .pio/build/wiscore_rak4631/libdb1/Adafruit_TinyUSB_Arduino/common/tusb_fifo.c.o
                0x0000000000028b54                tu_fifo_set_overwritable
 .text.mark_interface_endpoint
                0x0000000000028b94       0x2c .pio/build/wiscore_rak4631/libdb1/Adafruit_TinyUSB_Arduino/device/usbd.c.o
 .text.usbd_reset
                0x0000000000028bc0       0x9c .pio/build/wiscore_rak4631/libdb1/Adafruit_TinyUSB_Arduino/device/usbd.c.o
 .text.invoke_class_control
                0x0000000000028c5c       0x1a .pio/build/wiscore_rak4631/libdb1/Adafruit_TinyUSB_Arduino/device/usbd.c.o
 *fill*         0x0000000000028c76        0x2 
 .text.process_set_config
                0x0000000000028c78      0x1cc .pio/build/wiscore_rak4631/libdb1/Adafruit_TinyUSB_Arduino/device/usbd.c.o
 .text.process_get_descriptor
                0x0000000000028e44       0xd4 .pio/build/wiscore_rak4631/libdb1/Adafruit_TinyUSB_Arduino/device/usbd.c.o
 .text.tud_mounted
                0x0000000000028f18       0x10 .pio/build/wiscore_rak4631/libdb1/Adafruit_TinyUSB_Arduino/device/usbd.c.o
                0x0000000000028f18                tud_mounted
 .text.tud_suspended
                0x0000000000028f28       0x10 .pio/build/wiscore_rak4631/libdb1/Adafruit_TinyUSB_Arduino/device/usbd.c.o
                0x0000000000028f28                tud_suspended
 .text.tud_inited
                0x0000000000028f38        0xc .pio/build/wiscore_rak4631/libdb1/Adafruit_TinyUSB_Arduino/device/usbd.c.o
                0x0000000000028f38                tud_inited
 .text.tud_init
                0x0000000000028f44       0xf4 .pio/build/wiscore_rak4631/libdb1/Adafruit_TinyUSB_Arduino/device/usbd.c.o
                0x0000000000028f44                tud_init
 .text.dcd_event_handler
                0x0000000000029038      0x1cc .pio/build/wiscore_rak4631/libdb1/Adafruit_TinyUSB_Arduino/device/usbd.c.o
                0x0000000000029038                dcd_event_handler
 .text.dcd_event_bus_signal
                0x0000000000029204       0x28 .pio/build/wiscore_rak4631/libdb1/Adafruit_TinyUSB_Arduino/device/usbd.c.o
                0x0000000000029204                dcd_event_bus_signal
 .text.dcd_event_bus_reset
                0x000000000002922c       0x2e .pio/build/wiscore_rak4631/libdb1/Adafruit_TinyUSB_Arduino/device/usbd.c.o
                0x000000000002922c                dcd_event_bus_reset
 .text.dcd_event_setup_received
                0x000000000002925a       0x2a .pio/build/wiscore_rak4631/libdb1/Adafruit_TinyUSB_Arduino/device/usbd.c.o
                0x000000000002925a                dcd_event_setup_received
 .text.dcd_event_xfer_complete
                0x0000000000029284       0x30 .pio/build/wiscore_rak4631/libdb1/Adafruit_TinyUSB_Arduino/device/usbd.c.o
                0x0000000000029284                dcd_event_xfer_complete
 .text.usbd_defer_func
                0x00000000000292b4       0x20 .pio/build/wiscore_rak4631/libdb1/Adafruit_TinyUSB_Arduino/device/usbd.c.o
                0x00000000000292b4                usbd_defer_func
 .text.usbd_edpt_open
                0x00000000000292d4       0xdc .pio/build/wiscore_rak4631/libdb1/Adafruit_TinyUSB_Arduino/device/usbd.c.o
                0x00000000000292d4                usbd_edpt_open
 .text.usbd_open_edpt_pair
                0x00000000000293b0       0x80 .pio/build/wiscore_rak4631/libdb1/Adafruit_TinyUSB_Arduino/device/usbd.c.o
                0x00000000000293b0                usbd_open_edpt_pair
 .text.usbd_edpt_claim
                0x0000000000029430       0x9c .pio/build/wiscore_rak4631/libdb1/Adafruit_TinyUSB_Arduino/device/usbd.c.o
                0x0000000000029430                usbd_edpt_claim
 .text.usbd_edpt_release
                0x00000000000294cc       0x74 .pio/build/wiscore_rak4631/libdb1/Adafruit_TinyUSB_Arduino/device/usbd.c.o
                0x00000000000294cc                usbd_edpt_release
 .text.usbd_edpt_xfer
                0x0000000000029540       0x78 .pio/build/wiscore_rak4631/libdb1/Adafruit_TinyUSB_Arduino/device/usbd.c.o
                0x0000000000029540                usbd_edpt_xfer
 .text.usbd_edpt_busy
                0x00000000000295b8       0x1c .pio/build/wiscore_rak4631/libdb1/Adafruit_TinyUSB_Arduino/device/usbd.c.o
                0x00000000000295b8                usbd_edpt_busy
 .text.usbd_edpt_stall
                0x00000000000295d4       0x34 .pio/build/wiscore_rak4631/libdb1/Adafruit_TinyUSB_Arduino/device/usbd.c.o
                0x00000000000295d4                usbd_edpt_stall
 .text.usbd_edpt_clear_stall
                0x0000000000029608       0x34 .pio/build/wiscore_rak4631/libdb1/Adafruit_TinyUSB_Arduino/device/usbd.c.o
                0x0000000000029608                usbd_edpt_clear_stall
 .text.usbd_edpt_stalled
                0x000000000002963c       0x1c .pio/build/wiscore_rak4631/libdb1/Adafruit_TinyUSB_Arduino/device/usbd.c.o
                0x000000000002963c                usbd_edpt_stalled
 .text.process_control_request
                0x0000000000029658      0x3b8 .pio/build/wiscore_rak4631/libdb1/Adafruit_TinyUSB_Arduino/device/usbd.c.o
 .text.tud_task
                0x0000000000029a10      0x224 .pio/build/wiscore_rak4631/libdb1/Adafruit_TinyUSB_Arduino/device/usbd.c.o
                0x0000000000029a10                tud_task
 .text._data_stage_xact
                0x0000000000029c34       0x54 .pio/build/wiscore_rak4631/libdb1/Adafruit_TinyUSB_Arduino/device/usbd_control.c.o
 .text.tud_control_status
                0x0000000000029c88       0x38 .pio/build/wiscore_rak4631/libdb1/Adafruit_TinyUSB_Arduino/device/usbd_control.c.o
                0x0000000000029c88                tud_control_status
 .text.tud_control_xfer
                0x0000000000029cc0       0x88 .pio/build/wiscore_rak4631/libdb1/Adafruit_TinyUSB_Arduino/device/usbd_control.c.o
                0x0000000000029cc0                tud_control_xfer
 .text.usbd_control_reset
                0x0000000000029d48       0x14 .pio/build/wiscore_rak4631/libdb1/Adafruit_TinyUSB_Arduino/device/usbd_control.c.o
                0x0000000000029d48                usbd_control_reset
 .text.usbd_control_set_complete_callback
                0x0000000000029d5c        0xc .pio/build/wiscore_rak4631/libdb1/Adafruit_TinyUSB_Arduino/device/usbd_control.c.o
                0x0000000000029d5c                usbd_control_set_complete_callback
 .text.usbd_control_set_request
                0x0000000000029d68       0x1c .pio/build/wiscore_rak4631/libdb1/Adafruit_TinyUSB_Arduino/device/usbd_control.c.o
                0x0000000000029d68                usbd_control_set_request
 .text.usbd_control_xfer_cb
                0x0000000000029d84      0x100 .pio/build/wiscore_rak4631/libdb1/Adafruit_TinyUSB_Arduino/device/usbd_control.c.o
                0x0000000000029d84                usbd_control_xfer_cb
 .text.nrf52_errata_166
                0x0000000000029e84       0x24 .pio/build/wiscore_rak4631/libdb1/Adafruit_TinyUSB_Arduino/portable/nordic/nrf5x/dcd_nrf5x.c.o
 .text.nrf52_errata_171
                0x0000000000029ea8       0x24 .pio/build/wiscore_rak4631/libdb1/Adafruit_TinyUSB_Arduino/portable/nordic/nrf5x/dcd_nrf5x.c.o
 .text.nrf52_errata_187
                0x0000000000029ecc       0x24 .pio/build/wiscore_rak4631/libdb1/Adafruit_TinyUSB_Arduino/portable/nordic/nrf5x/dcd_nrf5x.c.o
 .text.sd_clock_hfclk_request
                0x0000000000029ef0        0x4 .pio/build/wiscore_rak4631/libdb1/Adafruit_TinyUSB_Arduino/portable/nordic/nrf5x/dcd_nrf5x.c.o
 .text.sd_clock_hfclk_release
                0x0000000000029ef4        0x4 .pio/build/wiscore_rak4631/libdb1/Adafruit_TinyUSB_Arduino/portable/nordic/nrf5x/dcd_nrf5x.c.o
 .text.sd_clock_hfclk_is_running
                0x0000000000029ef8        0x4 .pio/build/wiscore_rak4631/libdb1/Adafruit_TinyUSB_Arduino/portable/nordic/nrf5x/dcd_nrf5x.c.o
 .text.edpt_dma_end
                0x0000000000029efc       0x28 .pio/build/wiscore_rak4631/libdb1/Adafruit_TinyUSB_Arduino/portable/nordic/nrf5x/dcd_nrf5x.c.o
 .text.sd_softdevice_is_enabled
                0x0000000000029f24        0x4 .pio/build/wiscore_rak4631/libdb1/Adafruit_TinyUSB_Arduino/portable/nordic/nrf5x/dcd_nrf5x.c.o
 .text.hfclk_running
                0x0000000000029f28       0x68 .pio/build/wiscore_rak4631/libdb1/Adafruit_TinyUSB_Arduino/portable/nordic/nrf5x/dcd_nrf5x.c.o
 .text.hfclk_enable
                0x0000000000029f90       0x54 .pio/build/wiscore_rak4631/libdb1/Adafruit_TinyUSB_Arduino/portable/nordic/nrf5x/dcd_nrf5x.c.o
 .text.hfclk_disable
                0x0000000000029fe4       0x44 .pio/build/wiscore_rak4631/libdb1/Adafruit_TinyUSB_Arduino/portable/nordic/nrf5x/dcd_nrf5x.c.o
 .text.edpt_dma_start
                0x000000000002a028       0xac .pio/build/wiscore_rak4631/libdb1/Adafruit_TinyUSB_Arduino/portable/nordic/nrf5x/dcd_nrf5x.c.o
 .text.start_ep0_task
                0x000000000002a0d4       0x24 .pio/build/wiscore_rak4631/libdb1/Adafruit_TinyUSB_Arduino/portable/nordic/nrf5x/dcd_nrf5x.c.o
                0x000000000002a0d4                start_ep0_task
 .text.xact_out_dma
                0x000000000002a0f8       0x90 .pio/build/wiscore_rak4631/libdb1/Adafruit_TinyUSB_Arduino/portable/nordic/nrf5x/dcd_nrf5x.c.o
 .text.xact_in_dma
                0x000000000002a188       0x50 .pio/build/wiscore_rak4631/libdb1/Adafruit_TinyUSB_Arduino/portable/nordic/nrf5x/dcd_nrf5x.c.o
 .text.dcd_init
                0x000000000002a1d8        0x2 .pio/build/wiscore_rak4631/libdb1/Adafruit_TinyUSB_Arduino/portable/nordic/nrf5x/dcd_nrf5x.c.o
                0x000000000002a1d8                dcd_init
 *fill*         0x000000000002a1da        0x2 
 .text.dcd_int_enable
                0x000000000002a1dc        0xc .pio/build/wiscore_rak4631/libdb1/Adafruit_TinyUSB_Arduino/portable/nordic/nrf5x/dcd_nrf5x.c.o
                0x000000000002a1dc                dcd_int_enable
 .text.dcd_set_address
                0x000000000002a1e8       0x24 .pio/build/wiscore_rak4631/libdb1/Adafruit_TinyUSB_Arduino/portable/nordic/nrf5x/dcd_nrf5x.c.o
                0x000000000002a1e8                dcd_set_address
 .text.dcd_edpt_open
                0x000000000002a20c      0x134 .pio/build/wiscore_rak4631/libdb1/Adafruit_TinyUSB_Arduino/portable/nordic/nrf5x/dcd_nrf5x.c.o
                0x000000000002a20c                dcd_edpt_open
 .text.dcd_edpt_xfer
                0x000000000002a340       0xcc .pio/build/wiscore_rak4631/libdb1/Adafruit_TinyUSB_Arduino/portable/nordic/nrf5x/dcd_nrf5x.c.o
                0x000000000002a340                dcd_edpt_xfer
 .text.dcd_edpt_stall
                0x000000000002a40c       0x2c .pio/build/wiscore_rak4631/libdb1/Adafruit_TinyUSB_Arduino/portable/nordic/nrf5x/dcd_nrf5x.c.o
                0x000000000002a40c                dcd_edpt_stall
 .text.dcd_edpt_clear_stall
                0x000000000002a438       0x34 .pio/build/wiscore_rak4631/libdb1/Adafruit_TinyUSB_Arduino/portable/nordic/nrf5x/dcd_nrf5x.c.o
                0x000000000002a438                dcd_edpt_clear_stall
 .text.bus_reset
                0x000000000002a46c       0x64 .pio/build/wiscore_rak4631/libdb1/Adafruit_TinyUSB_Arduino/portable/nordic/nrf5x/dcd_nrf5x.c.o
                0x000000000002a46c                bus_reset
 .text.dcd_int_handler
                0x000000000002a4d0      0x388 .pio/build/wiscore_rak4631/libdb1/Adafruit_TinyUSB_Arduino/portable/nordic/nrf5x/dcd_nrf5x.c.o
                0x000000000002a4d0                dcd_int_handler
 .text.tusb_hal_nrf_power_event
                0x000000000002a858      0x1d4 .pio/build/wiscore_rak4631/libdb1/Adafruit_TinyUSB_Arduino/portable/nordic/nrf5x/dcd_nrf5x.c.o
                0x000000000002a858                tusb_hal_nrf_power_event
 .text.tusb_init
                0x000000000002aa2c       0x20 .pio/build/wiscore_rak4631/libdb1/Adafruit_TinyUSB_Arduino/tusb.c.o
                0x000000000002aa2c                tusb_init
 .text.tusb_inited
                0x000000000002aa4c        0xc .pio/build/wiscore_rak4631/libdb1/Adafruit_TinyUSB_Arduino/tusb.c.o
                0x000000000002aa4c                tusb_inited
 .text.setup    0x000000000002aa58       0x18 .pio/build/wiscore_rak4631/src/main.cpp.o
                0x000000000002aa58                setup
 .text.loop     0x000000000002aa70       0x48 .pio/build/wiscore_rak4631/src/main.cpp.o
                0x000000000002aa70                loop
 .text._Z12clearCommandPcjPKc
                0x000000000002aab8       0x3c .pio/build/wiscore_rak4631/lib413/liblocal_cli.a(CLI_Impl.cpp.o)
                0x000000000002aab8                clearCommand(char*, unsigned int, char const*)
 .text.xCreateCLITask
                0x000000000002aaf4       0x3c .pio/build/wiscore_rak4631/lib413/liblocal_cli.a(CLI_Impl.cpp.o)
                0x000000000002aaf4                xCreateCLITask
 .text._Z22registerCustomCommandsv
                0x000000000002ab30       0x10 .pio/build/wiscore_rak4631/lib413/liblocal_cli.a(CLI_Impl.cpp.o)
                0x000000000002ab30                registerCustomCommands()
 .text._Z14FreeRTOS_writelPKvj
                0x000000000002ab40       0x20 .pio/build/wiscore_rak4631/lib413/liblocal_cli.a(CLI_Impl.cpp.o)
                0x000000000002ab40                FreeRTOS_write(long, void const*, unsigned int)
 .text._Z13FreeRTOS_readlPaj
                0x000000000002ab60       0x24 .pio/build/wiscore_rak4631/lib413/liblocal_cli.a(CLI_Impl.cpp.o)
                0x000000000002ab60                FreeRTOS_read(long, signed char*, unsigned int)
 .text._Z7cliTaskPv
                0x000000000002ab84       0xd0 .pio/build/wiscore_rak4631/lib413/liblocal_cli.a(CLI_Impl.cpp.o)
                0x000000000002ab84                cliTask(void*)
 .text._Z24registerHeapCheckCommandv
                0x000000000002ac54       0x10 .pio/build/wiscore_rak4631/lib413/liblocal_cli.a(heapCheck.cpp.o)
                0x000000000002ac54                registerHeapCheckCommand()
 .text._Z14getTaskDetailsP12xTASK_STATUS
                0x000000000002ac64       0x14 .pio/build/wiscore_rak4631/lib413/liblocal_cli.a(heapCheck.cpp.o)
                0x000000000002ac64                getTaskDetails(xTASK_STATUS*)
 .text._Z14checkHeapSpacev
                0x000000000002ac78       0x44 .pio/build/wiscore_rak4631/lib413/liblocal_cli.a(heapCheck.cpp.o)
                0x000000000002ac78                checkHeapSpace()
 .text._Z16heapCheckCommandPcjPKc
                0x000000000002acbc       0x1e .pio/build/wiscore_rak4631/lib413/liblocal_cli.a(heapCheck.cpp.o)
                0x000000000002acbc                heapCheckCommand(char*, unsigned int, char const*)
 *fill*         0x000000000002acda        0x2 
 .text._Z10repCommandPcjPKc
                0x000000000002acdc       0x78 .pio/build/wiscore_rak4631/lib413/liblocal_cli.a(repeatCommand.cpp.o)
                0x000000000002acdc                repCommand(char*, unsigned int, char const*)
 .text._Z21registerRepeatCommandv
                0x000000000002ad54       0x10 .pio/build/wiscore_rak4631/lib413/liblocal_cli.a(repeatCommand.cpp.o)
                0x000000000002ad54                registerRepeatCommand()
 .text._Z17stackCheckCommandPcjPKc
                0x000000000002ad64       0x1e .pio/build/wiscore_rak4631/lib413/liblocal_cli.a(stackCheck.cpp.o)
                0x000000000002ad64                stackCheckCommand(char*, unsigned int, char const*)
 *fill*         0x000000000002ad82        0x2 
 .text._Z25registerStackCheckCommandv
                0x000000000002ad84       0x10 .pio/build/wiscore_rak4631/lib413/liblocal_cli.a(stackCheck.cpp.o)
                0x000000000002ad84                registerStackCheckCommand()
 .text._ZN5Print5printEPKc
                0x000000000002ad94       0x20 .pio/build/wiscore_rak4631/libFrameworkArduino.a(Print.cpp.o)
                0x000000000002ad94                Print::print(char const*)
 .text._ZN5Print7printlnEv
                0x000000000002adb4       0x14 .pio/build/wiscore_rak4631/libFrameworkArduino.a(Print.cpp.o)
                0x000000000002adb4                Print::println()
 .text._ZN5Print7printlnEPKc
                0x000000000002adc8       0x14 .pio/build/wiscore_rak4631/libFrameworkArduino.a(Print.cpp.o)
                0x000000000002adc8                Print::println(char const*)
 .text._ZN5Print6printfEPKcz
                0x000000000002addc       0x34 .pio/build/wiscore_rak4631/libFrameworkArduino.a(Print.cpp.o)
                0x000000000002addc                Print::printf(char const*, ...)
 .text.millis   0x000000000002ae10       0x34 .pio/build/wiscore_rak4631/libFrameworkArduino.a(delay.c.o)
                0x000000000002ae10                millis
 .text.pvPortMalloc
                0x000000000002ae44       0x20 .pio/build/wiscore_rak4631/libFrameworkArduino.a(heap_3.c.o)
                0x000000000002ae44                pvPortMalloc
 .text.vPortFree
                0x000000000002ae64       0x18 .pio/build/wiscore_rak4631/libFrameworkArduino.a(heap_3.c.o)
                0x000000000002ae64                vPortFree
 .text.prvGetDisinheritPriorityAfterTimeout
                0x000000000002ae7c       0x12 .pio/build/wiscore_rak4631/libFrameworkArduino.a(queue.c.o)
 .text.prvIsQueueFull
                0x000000000002ae8e       0x1e .pio/build/wiscore_rak4631/libFrameworkArduino.a(queue.c.o)
 .text.prvIsQueueEmpty
                0x000000000002aeac       0x1a .pio/build/wiscore_rak4631/libFrameworkArduino.a(queue.c.o)
 .text.prvCopyDataToQueue
                0x000000000002aec6       0x76 .pio/build/wiscore_rak4631/libFrameworkArduino.a(queue.c.o)
 .text.prvCopyDataFromQueue
                0x000000000002af3c       0x24 .pio/build/wiscore_rak4631/libFrameworkArduino.a(queue.c.o)
 .text.prvUnlockQueue
                0x000000000002af60       0x6e .pio/build/wiscore_rak4631/libFrameworkArduino.a(queue.c.o)
 *fill*         0x000000000002afce        0x2 
 .text.xQueueGenericReset
                0x000000000002afd0       0x74 .pio/build/wiscore_rak4631/libFrameworkArduino.a(queue.c.o)
                0x000000000002afd0                xQueueGenericReset
 .text.prvInitialiseNewQueue
                0x000000000002b044       0x22 .pio/build/wiscore_rak4631/libFrameworkArduino.a(queue.c.o)
 .text.xQueueGenericCreateStatic
                0x000000000002b066       0x1e .pio/build/wiscore_rak4631/libFrameworkArduino.a(queue.c.o)
                0x000000000002b066                xQueueGenericCreateStatic
 .text.xQueueGenericCreate
                0x000000000002b084       0x3a .pio/build/wiscore_rak4631/libFrameworkArduino.a(queue.c.o)
                0x000000000002b084                xQueueGenericCreate
 *fill*         0x000000000002b0be        0x2 
 .text.xQueueGenericSend
                0x000000000002b0c0      0x11c .pio/build/wiscore_rak4631/libFrameworkArduino.a(queue.c.o)
                0x000000000002b0c0                xQueueGenericSend
 .text.prvInitialiseMutex
                0x000000000002b1dc       0x18 .pio/build/wiscore_rak4631/libFrameworkArduino.a(queue.c.o)
 .text.xQueueCreateMutexStatic
                0x000000000002b1f4       0x1e .pio/build/wiscore_rak4631/libFrameworkArduino.a(queue.c.o)
                0x000000000002b1f4                xQueueCreateMutexStatic
 .text.xQueueGenericSendFromISR
                0x000000000002b212       0x64 .pio/build/wiscore_rak4631/libFrameworkArduino.a(queue.c.o)
                0x000000000002b212                xQueueGenericSendFromISR
 *fill*         0x000000000002b276        0x2 
 .text.xQueueReceive
                0x000000000002b278      0x110 .pio/build/wiscore_rak4631/libFrameworkArduino.a(queue.c.o)
                0x000000000002b278                xQueueReceive
 .text.xQueueSemaphoreTake
                0x000000000002b388      0x14c .pio/build/wiscore_rak4631/libFrameworkArduino.a(queue.c.o)
                0x000000000002b388                xQueueSemaphoreTake
 .text.vQueueAddToRegistry
                0x000000000002b4d4       0x28 .pio/build/wiscore_rak4631/libFrameworkArduino.a(queue.c.o)
                0x000000000002b4d4                vQueueAddToRegistry
 .text.vQueueWaitForMessageRestricted
                0x000000000002b4fc       0x52 .pio/build/wiscore_rak4631/libFrameworkArduino.a(queue.c.o)
                0x000000000002b4fc                vQueueWaitForMessageRestricted
 *fill*         0x000000000002b54e        0x2 
 .text.prvGetExpectedIdleTime
                0x000000000002b550       0x4c .pio/build/wiscore_rak4631/libFrameworkArduino.a(tasks.c.o)
 .text.prvTaskCheckFreeStackSpace
                0x000000000002b59c       0x14 .pio/build/wiscore_rak4631/libFrameworkArduino.a(tasks.c.o)
 .text.prvResetNextTaskUnblockTime
                0x000000000002b5b0       0x2c .pio/build/wiscore_rak4631/libFrameworkArduino.a(tasks.c.o)
 .text.prvInitialiseNewTask
                0x000000000002b5dc       0x90 .pio/build/wiscore_rak4631/libFrameworkArduino.a(tasks.c.o)
 .text.prvInitialiseTaskLists
                0x000000000002b66c       0x68 .pio/build/wiscore_rak4631/libFrameworkArduino.a(tasks.c.o)
 .text.prvAddNewTaskToReadyList
                0x000000000002b6d4       0xac .pio/build/wiscore_rak4631/libFrameworkArduino.a(tasks.c.o)
 .text.prvDeleteTCB
                0x000000000002b780       0x24 .pio/build/wiscore_rak4631/libFrameworkArduino.a(tasks.c.o)
 .text.prvCheckTasksWaitingTermination
                0x000000000002b7a4       0x4c .pio/build/wiscore_rak4631/libFrameworkArduino.a(tasks.c.o)
 .text.prvAddCurrentTaskToDelayedList
                0x000000000002b7f0       0x7c .pio/build/wiscore_rak4631/libFrameworkArduino.a(tasks.c.o)
 .text.prvWriteNameToBuffer
                0x000000000002b86c       0x22 .pio/build/wiscore_rak4631/libFrameworkArduino.a(tasks.c.o)
 .text.xTaskCreateStatic
                0x000000000002b88e       0x38 .pio/build/wiscore_rak4631/libFrameworkArduino.a(tasks.c.o)
                0x000000000002b88e                xTaskCreateStatic
 .text.xTaskCreate
                0x000000000002b8c6       0x66 .pio/build/wiscore_rak4631/libFrameworkArduino.a(tasks.c.o)
                0x000000000002b8c6                xTaskCreate
 .text.eTaskGetState
                0x000000000002b92c       0x6c .pio/build/wiscore_rak4631/libFrameworkArduino.a(tasks.c.o)
                0x000000000002b92c                eTaskGetState
 .text.vTaskStartScheduler
                0x000000000002b998       0x78 .pio/build/wiscore_rak4631/libFrameworkArduino.a(tasks.c.o)
                0x000000000002b998                vTaskStartScheduler
 .text.vTaskSuspendAll
                0x000000000002ba10       0x10 .pio/build/wiscore_rak4631/libFrameworkArduino.a(tasks.c.o)
                0x000000000002ba10                vTaskSuspendAll
 .text.xTaskGetTickCount
                0x000000000002ba20        0xc .pio/build/wiscore_rak4631/libFrameworkArduino.a(tasks.c.o)
                0x000000000002ba20                xTaskGetTickCount
 .text.uxTaskGetNumberOfTasks
                0x000000000002ba2c        0xc .pio/build/wiscore_rak4631/libFrameworkArduino.a(tasks.c.o)
                0x000000000002ba2c                uxTaskGetNumberOfTasks
 .text.pcTaskGetName
                0x000000000002ba38       0x14 .pio/build/wiscore_rak4631/libFrameworkArduino.a(tasks.c.o)
                0x000000000002ba38                pcTaskGetName
 .text.vTaskStepTick
                0x000000000002ba4c       0x10 .pio/build/wiscore_rak4631/libFrameworkArduino.a(tasks.c.o)
                0x000000000002ba4c                vTaskStepTick
 .text.xTaskIncrementTick
                0x000000000002ba5c       0xe8 .pio/build/wiscore_rak4631/libFrameworkArduino.a(tasks.c.o)
                0x000000000002ba5c                xTaskIncrementTick
 .text.xTaskResumeAll
                0x000000000002bb44       0xe4 .pio/build/wiscore_rak4631/libFrameworkArduino.a(tasks.c.o)
                0x000000000002bb44                xTaskResumeAll
 .text.prvIdleTask
                0x000000000002bc28       0x50 .pio/build/wiscore_rak4631/libFrameworkArduino.a(tasks.c.o)
 .text.vTaskSwitchContext
                0x000000000002bc78       0xb8 .pio/build/wiscore_rak4631/libFrameworkArduino.a(tasks.c.o)
                0x000000000002bc78                vTaskSwitchContext
 .text.vTaskPlaceOnEventList
                0x000000000002bd30       0x1c .pio/build/wiscore_rak4631/libFrameworkArduino.a(tasks.c.o)
                0x000000000002bd30                vTaskPlaceOnEventList
 .text.vTaskPlaceOnEventListRestricted
                0x000000000002bd4c       0x24 .pio/build/wiscore_rak4631/libFrameworkArduino.a(tasks.c.o)
                0x000000000002bd4c                vTaskPlaceOnEventListRestricted
 .text.xTaskRemoveFromEventList
                0x000000000002bd70       0x7c .pio/build/wiscore_rak4631/libFrameworkArduino.a(tasks.c.o)
                0x000000000002bd70                xTaskRemoveFromEventList
 .text.vTaskInternalSetTimeOutState
                0x000000000002bdec       0x18 .pio/build/wiscore_rak4631/libFrameworkArduino.a(tasks.c.o)
                0x000000000002bdec                vTaskInternalSetTimeOutState
 .text.xTaskCheckForTimeOut
                0x000000000002be04       0x58 .pio/build/wiscore_rak4631/libFrameworkArduino.a(tasks.c.o)
                0x000000000002be04                xTaskCheckForTimeOut
 .text.vTaskMissedYield
                0x000000000002be5c        0xc .pio/build/wiscore_rak4631/libFrameworkArduino.a(tasks.c.o)
                0x000000000002be5c                vTaskMissedYield
 .text.eTaskConfirmSleepModeStatus
                0x000000000002be68       0x3c .pio/build/wiscore_rak4631/libFrameworkArduino.a(tasks.c.o)
                0x000000000002be68                eTaskConfirmSleepModeStatus
 .text.vTaskGetInfo
                0x000000000002bea4       0x78 .pio/build/wiscore_rak4631/libFrameworkArduino.a(tasks.c.o)
                0x000000000002bea4                vTaskGetInfo
 .text.prvListTasksWithinSingleList
                0x000000000002bf1c       0x60 .pio/build/wiscore_rak4631/libFrameworkArduino.a(tasks.c.o)
 .text.uxTaskGetSystemState
                0x000000000002bf7c       0xb0 .pio/build/wiscore_rak4631/libFrameworkArduino.a(tasks.c.o)
                0x000000000002bf7c                uxTaskGetSystemState
 .text.xTaskGetCurrentTaskHandle
                0x000000000002c02c        0xc .pio/build/wiscore_rak4631/libFrameworkArduino.a(tasks.c.o)
                0x000000000002c02c                xTaskGetCurrentTaskHandle
 .text.xTaskGetSchedulerState
                0x000000000002c038       0x20 .pio/build/wiscore_rak4631/libFrameworkArduino.a(tasks.c.o)
                0x000000000002c038                xTaskGetSchedulerState
 .text.xTaskPriorityInherit
                0x000000000002c058       0x98 .pio/build/wiscore_rak4631/libFrameworkArduino.a(tasks.c.o)
                0x000000000002c058                xTaskPriorityInherit
 .text.xTaskPriorityDisinherit
                0x000000000002c0f0       0x5c .pio/build/wiscore_rak4631/libFrameworkArduino.a(tasks.c.o)
                0x000000000002c0f0                xTaskPriorityDisinherit
 .text.vTaskPriorityDisinheritAfterTimeout
                0x000000000002c14c       0x6c .pio/build/wiscore_rak4631/libFrameworkArduino.a(tasks.c.o)
                0x000000000002c14c                vTaskPriorityDisinheritAfterTimeout
 .text.vTaskList
                0x000000000002c1b8       0xe0 .pio/build/wiscore_rak4631/libFrameworkArduino.a(tasks.c.o)
                0x000000000002c1b8                vTaskList
 .text.pvTaskIncrementMutexHeldCount
                0x000000000002c298       0x1c .pio/build/wiscore_rak4631/libFrameworkArduino.a(tasks.c.o)
                0x000000000002c298                pvTaskIncrementMutexHeldCount
 .text.prvGetNextExpireTime
                0x000000000002c2b4       0x20 .pio/build/wiscore_rak4631/libFrameworkArduino.a(timers.c.o)
 .text.prvInsertTimerInActiveList
                0x000000000002c2d4       0x48 .pio/build/wiscore_rak4631/libFrameworkArduino.a(timers.c.o)
 .text.prvCheckForValidListAndQueue
                0x000000000002c31c       0x70 .pio/build/wiscore_rak4631/libFrameworkArduino.a(timers.c.o)
 .text.xTimerCreateTimerTask
                0x000000000002c38c       0x5c .pio/build/wiscore_rak4631/libFrameworkArduino.a(timers.c.o)
                0x000000000002c38c                xTimerCreateTimerTask
 .text.xTimerGenericCommand
                0x000000000002c3e8       0x58 .pio/build/wiscore_rak4631/libFrameworkArduino.a(timers.c.o)
                0x000000000002c3e8                xTimerGenericCommand
 .text.prvSwitchTimerLists
                0x000000000002c440       0x64 .pio/build/wiscore_rak4631/libFrameworkArduino.a(timers.c.o)
 .text.prvSampleTimeNow
                0x000000000002c4a4       0x2c .pio/build/wiscore_rak4631/libFrameworkArduino.a(timers.c.o)
 .text.prvProcessExpiredTimer
                0x000000000002c4d0       0x4c .pio/build/wiscore_rak4631/libFrameworkArduino.a(timers.c.o)
 .text.prvProcessTimerOrBlockTask
                0x000000000002c51c       0x74 .pio/build/wiscore_rak4631/libFrameworkArduino.a(timers.c.o)
 .text.prvProcessReceivedCommands
                0x000000000002c590       0xd4 .pio/build/wiscore_rak4631/libFrameworkArduino.a(timers.c.o)
 .text.prvTimerTask
                0x000000000002c664       0x16 .pio/build/wiscore_rak4631/libFrameworkArduino.a(timers.c.o)
 .text.prvTaskExitError
                0x000000000002c67a        0x8 .pio/build/wiscore_rak4631/libFrameworkArduino.a(port_cmsis.c.o)
 *fill*         0x000000000002c682        0x2 
 .text.vPortEnableVFP
                0x000000000002c684       0x14 .pio/build/wiscore_rak4631/libFrameworkArduino.a(port_cmsis.c.o)
 .text.pxPortInitialiseStack
                0x000000000002c698       0x28 .pio/build/wiscore_rak4631/libFrameworkArduino.a(port_cmsis.c.o)
                0x000000000002c698                pxPortInitialiseStack
 .text.xPortStartScheduler
                0x000000000002c6c0       0x40 .pio/build/wiscore_rak4631/libFrameworkArduino.a(port_cmsis.c.o)
                0x000000000002c6c0                xPortStartScheduler
 .text.vPortEnterCritical
                0x000000000002c700       0x14 .pio/build/wiscore_rak4631/libFrameworkArduino.a(port_cmsis.c.o)
                0x000000000002c700                vPortEnterCritical
 .text.vPortExitCritical
                0x000000000002c714       0x14 .pio/build/wiscore_rak4631/libFrameworkArduino.a(port_cmsis.c.o)
                0x000000000002c714                vPortExitCritical
 .text.sd_app_evt_wait
                0x000000000002c728        0x4 .pio/build/wiscore_rak4631/libFrameworkArduino.a(port_cmsis_systick.c.o)
 .text.sd_softdevice_is_enabled
                0x000000000002c72c        0x4 .pio/build/wiscore_rak4631/libFrameworkArduino.a(port_cmsis_systick.c.o)
 .text.RTC1_IRQHandler
                0x000000000002c730       0x78 .pio/build/wiscore_rak4631/libFrameworkArduino.a(port_cmsis_systick.c.o)
                0x000000000002c730                RTC1_IRQHandler
 .text.vPortSetupTimerInterrupt
                0x000000000002c7a8       0x38 .pio/build/wiscore_rak4631/libFrameworkArduino.a(port_cmsis_systick.c.o)
                0x000000000002c7a8                vPortSetupTimerInterrupt
 .text.vPortSuppressTicksAndSleep
                0x000000000002c7e0      0x1b4 .pio/build/wiscore_rak4631/libFrameworkArduino.a(port_cmsis_systick.c.o)
                0x000000000002c7e0                vPortSuppressTicksAndSleep
 .text.vPortStartFirstTask
                0x000000000002c994       0x24 .pio/build/wiscore_rak4631/libFrameworkArduino.a(port.c.o)
                0x000000000002c994                vPortStartFirstTask
 .text.SVC_Handler
                0x000000000002c9b8       0x20 .pio/build/wiscore_rak4631/libFrameworkArduino.a(port.c.o)
                0x000000000002c9b8                SVC_Handler
 .text.PendSV_Handler
                0x000000000002c9d8       0x60 .pio/build/wiscore_rak4631/libFrameworkArduino.a(port.c.o)
                0x000000000002c9d8                PendSV_Handler
 .text.__empty  0x000000000002ca38        0x2 .pio/build/wiscore_rak4631/libFrameworkArduino.a(hooks.c.o)
                0x000000000002ca38                vApplicationIdleHook
 *fill*         0x000000000002ca3a        0x2 
 .text          0x000000000002ca3c       0x54 .pio/build/wiscore_rak4631/libFrameworkArduino.a(gcc_startup_nrf52840.S.o)
                0x000000000002ca3c                Reset_Handler
                0x000000000002ca7c                NMI_Handler
                0x000000000002ca80                MemoryManagement_Handler
                0x000000000002ca82                BusFault_Handler
                0x000000000002ca84                UsageFault_Handler
                0x000000000002ca88                DebugMon_Handler
                0x000000000002ca8c                SysTick_Handler
                0x000000000002ca8e                TIMER2_IRQHandler
                0x000000000002ca8e                RTC0_IRQHandler
                0x000000000002ca8e                SWI0_EGU0_IRQHandler
                0x000000000002ca8e                SWI2_EGU2_IRQHandler
                0x000000000002ca8e                GPIOTE_IRQHandler
                0x000000000002ca8e                PWM1_IRQHandler
                0x000000000002ca8e                RADIO_IRQHandler
                0x000000000002ca8e                PDM_IRQHandler
                0x000000000002ca8e                TEMP_IRQHandler
                0x000000000002ca8e                QDEC_IRQHandler
                0x000000000002ca8e                TIMER3_IRQHandler
                0x000000000002ca8e                PWM3_IRQHandler
                0x000000000002ca8e                FPU_IRQHandler
                0x000000000002ca8e                SPIM0_SPIS0_TWIM0_TWIS0_SPI0_TWI0_IRQHandler
                0x000000000002ca8e                UARTE0_UART0_IRQHandler
                0x000000000002ca8e                TIMER4_IRQHandler
                0x000000000002ca8e                CRYPTOCELL_IRQHandler
                0x000000000002ca8e                I2S_IRQHandler
                0x000000000002ca8e                SWI4_EGU4_IRQHandler
                0x000000000002ca8e                TIMER0_IRQHandler
                0x000000000002ca8e                UARTE1_IRQHandler
                0x000000000002ca8e                TIMER1_IRQHandler
                0x000000000002ca8e                SPIM3_IRQHandler
                0x000000000002ca8e                PWM2_IRQHandler
                0x000000000002ca8e                ECB_IRQHandler
                0x000000000002ca8e                SPIM1_SPIS1_TWIM1_TWIS1_SPI1_TWI1_IRQHandler
                0x000000000002ca8e                Default_Handler
                0x000000000002ca8e                SAADC_IRQHandler
                0x000000000002ca8e                CCM_AAR_IRQHandler
                0x000000000002ca8e                WDT_IRQHandler
                0x000000000002ca8e                SWI5_EGU5_IRQHandler
                0x000000000002ca8e                RNG_IRQHandler
                0x000000000002ca8e                RTC2_IRQHandler
                0x000000000002ca8e                PWM0_IRQHandler
                0x000000000002ca8e                SWI3_EGU3_IRQHandler
                0x000000000002ca8e                SWI1_EGU1_IRQHandler
                0x000000000002ca8e                SPIM2_SPIS2_SPI2_IRQHandler
                0x000000000002ca8e                NFCT_IRQHandler
                0x000000000002ca8e                MWU_IRQHandler
                0x000000000002ca8e                QSPI_IRQHandler
                0x000000000002ca8e                COMP_LPCOMP_IRQHandler
 .text._Z19Bluefruit_printInfov
                0x000000000002ca90        0x2 .pio/build/wiscore_rak4631/libFrameworkArduino.a(main.cpp.o)
                0x000000000002ca90                Bluefruit_printInfo()
 *fill*         0x000000000002ca92        0x2 
 .text._ZL9loop_taskPv
                0x000000000002ca94       0x70 .pio/build/wiscore_rak4631/libFrameworkArduino.a(main.cpp.o)
 .text.main     0x000000000002cb04       0x6c .pio/build/wiscore_rak4631/libFrameworkArduino.a(main.cpp.o)
                0x000000000002cb04                main
 .text._write   0x000000000002cb70       0x24 .pio/build/wiscore_rak4631/libFrameworkArduino.a(main.cpp.o)
                0x000000000002cb70                _write
 .text.nrfx_power_init
                0x000000000002cb94       0x6c .pio/build/wiscore_rak4631/libFrameworkArduino.a(nrfx_power.c.o)
                0x000000000002cb94                nrfx_power_init
 .text.nrfx_power_usbevt_enable
                0x000000000002cc00        0xe .pio/build/wiscore_rak4631/libFrameworkArduino.a(nrfx_power.c.o)
                0x000000000002cc00                nrfx_power_usbevt_enable
 .text.nrfx_power_usbevt_disable
                0x000000000002cc0e        0xe .pio/build/wiscore_rak4631/libFrameworkArduino.a(nrfx_power.c.o)
                0x000000000002cc0e                nrfx_power_usbevt_disable
 .text.nrfx_power_usbevt_uninit
                0x000000000002cc1c       0x14 .pio/build/wiscore_rak4631/libFrameworkArduino.a(nrfx_power.c.o)
                0x000000000002cc1c                nrfx_power_usbevt_uninit
 .text.nrfx_power_usbevt_init
                0x000000000002cc30       0x18 .pio/build/wiscore_rak4631/libFrameworkArduino.a(nrfx_power.c.o)
                0x000000000002cc30                nrfx_power_usbevt_init
 .text.POWER_CLOCK_IRQHandler
                0x000000000002cc48      0x100 .pio/build/wiscore_rak4631/libFrameworkArduino.a(nrfx_power.c.o)
                0x000000000002cc48                POWER_CLOCK_IRQHandler
 .text.nrf52_errata_36
                0x000000000002cd48       0x40 .pio/build/wiscore_rak4631/libFrameworkArduino.a(system_nrf52840.c.o)
 .text.nrf52_errata_66
                0x000000000002cd88       0x40 .pio/build/wiscore_rak4631/libFrameworkArduino.a(system_nrf52840.c.o)
 .text.nrf52_errata_98
                0x000000000002cdc8       0x24 .pio/build/wiscore_rak4631/libFrameworkArduino.a(system_nrf52840.c.o)
 .text.nrf52_errata_103
                0x000000000002cdec       0x24 .pio/build/wiscore_rak4631/libFrameworkArduino.a(system_nrf52840.c.o)
 .text.nrf52_errata_115
                0x000000000002ce10       0x24 .pio/build/wiscore_rak4631/libFrameworkArduino.a(system_nrf52840.c.o)
 .text.nrf52_errata_120
                0x000000000002ce34       0x24 .pio/build/wiscore_rak4631/libFrameworkArduino.a(system_nrf52840.c.o)
 .text.nrf52_errata_136
                0x000000000002ce58       0x40 .pio/build/wiscore_rak4631/libFrameworkArduino.a(system_nrf52840.c.o)
 .text.SystemCoreClockUpdate
                0x000000000002ce98       0x10 .pio/build/wiscore_rak4631/libFrameworkArduino.a(system_nrf52840.c.o)
                0x000000000002ce98                SystemCoreClockUpdate
 .text.SystemInit
                0x000000000002cea8      0x150 .pio/build/wiscore_rak4631/libFrameworkArduino.a(system_nrf52840.c.o)
                0x000000000002cea8                SystemInit
 .text.yield    0x000000000002cff8       0x20 .pio/build/wiscore_rak4631/libFrameworkArduino.a(rtos.cpp.o)
                0x000000000002cff8                yield
 .text.vApplicationStackOverflowHook
                0x000000000002d018       0x30 .pio/build/wiscore_rak4631/libFrameworkArduino.a(rtos.cpp.o)
                0x000000000002d018                vApplicationStackOverflowHook
 .text.vApplicationMallocFailedHook
                0x000000000002d048       0x38 .pio/build/wiscore_rak4631/libFrameworkArduino.a(rtos.cpp.o)
                0x000000000002d048                vApplicationMallocFailedHook
 .text.vApplicationGetIdleTaskMemory
                0x000000000002d080       0x18 .pio/build/wiscore_rak4631/libFrameworkArduino.a(rtos.cpp.o)
                0x000000000002d080                vApplicationGetIdleTaskMemory
 .text.vApplicationGetTimerTaskMemory
                0x000000000002d098       0x18 .pio/build/wiscore_rak4631/libFrameworkArduino.a(rtos.cpp.o)
                0x000000000002d098                vApplicationGetTimerTaskMemory
 .text.adafruit_callback_task
                0x000000000002d0b0       0xf0 .pio/build/wiscore_rak4631/libFrameworkArduino.a(AdaCallback.c.o)
                0x000000000002d0b0                adafruit_callback_task
 .text.ada_callback_init
                0x000000000002d1a0       0x44 .pio/build/wiscore_rak4631/libFrameworkArduino.a(AdaCallback.c.o)
                0x000000000002d1a0                ada_callback_init
 .text.printMemRegion
                0x000000000002d1e4       0x54 .pio/build/wiscore_rak4631/libFrameworkArduino.a(debug.cpp.o)
 .text.HardFault_Handler
                0x000000000002d238       0x24 .pio/build/wiscore_rak4631/libFrameworkArduino.a(debug.cpp.o)
                0x000000000002d238                HardFault_Handler
 .text.dbgHeapUsed
                0x000000000002d25c       0x12 .pio/build/wiscore_rak4631/libFrameworkArduino.a(debug.cpp.o)
                0x000000000002d25c                dbgHeapUsed
 *fill*         0x000000000002d26e        0x2 
 .text.dbgStackUsed
                0x000000000002d270       0x2c .pio/build/wiscore_rak4631/libFrameworkArduino.a(debug.cpp.o)
                0x000000000002d270                dbgStackUsed
 .text.dbgMemInfo
                0x000000000002d29c       0xf8 .pio/build/wiscore_rak4631/libFrameworkArduino.a(debug.cpp.o)
                0x000000000002d29c                dbgMemInfo
 .text.dbgPrintVersion
                0x000000000002d394       0x40 .pio/build/wiscore_rak4631/libFrameworkArduino.a(debug.cpp.o)
                0x000000000002d394                dbgPrintVersion
 .text.dbg_err_str
                0x000000000002d3d4       0x30 .pio/build/wiscore_rak4631/libFrameworkArduino.a(debug.cpp.o)
                0x000000000002d3d4                dbg_err_str
 .text.lookup_find
                0x000000000002d404       0x32 .pio/build/wiscore_rak4631/libFrameworkArduino.a(utilities.c.o)
                0x000000000002d404                lookup_find
 *fill*         0x000000000002d436        0x2 
 .text.getBootloaderVersion
                0x000000000002d438       0x7c .pio/build/wiscore_rak4631/libFrameworkArduino.a(utilities.c.o)
                0x000000000002d438                getBootloaderVersion
 .text.getMcuUniqueID
                0x000000000002d4b4       0x28 .pio/build/wiscore_rak4631/libFrameworkArduino.a(utilities.c.o)
                0x000000000002d4b4                getMcuUniqueID
 .text.__NVIC_SystemReset
                0x000000000002d4dc       0x24 .pio/build/wiscore_rak4631/libFrameworkArduino.a(wiring.c.o)
 .text.init     0x000000000002d500       0x64 .pio/build/wiscore_rak4631/libFrameworkArduino.a(wiring.c.o)
                0x000000000002d500                init
 .text.enterSerialDfu
                0x000000000002d564       0x10 .pio/build/wiscore_rak4631/libFrameworkArduino.a(wiring.c.o)
                0x000000000002d564                enterSerialDfu
 .text.vListInitialise
                0x000000000002d574       0x16 .pio/build/wiscore_rak4631/libFrameworkArduino.a(list.c.o)
                0x000000000002d574                vListInitialise
 .text.vListInitialiseItem
                0x000000000002d58a        0x6 .pio/build/wiscore_rak4631/libFrameworkArduino.a(list.c.o)
                0x000000000002d58a                vListInitialiseItem
 .text.vListInsertEnd
                0x000000000002d590       0x18 .pio/build/wiscore_rak4631/libFrameworkArduino.a(list.c.o)
                0x000000000002d590                vListInsertEnd
 .text.vListInsert
                0x000000000002d5a8       0x34 .pio/build/wiscore_rak4631/libFrameworkArduino.a(list.c.o)
                0x000000000002d5a8                vListInsert
 .text.uxListRemove
                0x000000000002d5dc       0x28 .pio/build/wiscore_rak4631/libFrameworkArduino.a(list.c.o)
                0x000000000002d5dc                uxListRemove
 .text.prvGetNumberOfParameters
                0x000000000002d604       0x28 .pio/build/wiscore_rak4631/lib0a0/libFreeRTOS_cli.a(FreeRTOS_CLI.c.o)
 .text.prvHelpCommand
                0x000000000002d62c       0x34 .pio/build/wiscore_rak4631/lib0a0/libFreeRTOS_cli.a(FreeRTOS_CLI.c.o)
 .text.FreeRTOS_CLIRegisterCommand
                0x000000000002d660       0x30 .pio/build/wiscore_rak4631/lib0a0/libFreeRTOS_cli.a(FreeRTOS_CLI.c.o)
                0x000000000002d660                FreeRTOS_CLIRegisterCommand
 .text.FreeRTOS_CLIProcessCommand
                0x000000000002d690       0xc4 .pio/build/wiscore_rak4631/lib0a0/libFreeRTOS_cli.a(FreeRTOS_CLI.c.o)
                0x000000000002d690                FreeRTOS_CLIProcessCommand
 .text.FreeRTOS_CLIGetParameter
                0x000000000002d754       0x52 .pio/build/wiscore_rak4631/lib0a0/libFreeRTOS_cli.a(FreeRTOS_CLI.c.o)
                0x000000000002d754                FreeRTOS_CLIGetParameter
 .text._Z11initVariantv
                0x000000000002d7a6       0x20 .pio/build/wiscore_rak4631/libFrameworkArduinoVariant.a(variant.cpp.o)
                0x000000000002d7a6                initVariant()
 *fill*         0x000000000002d7c6        0x2 
 .text.pinMode  0x000000000002d7c8      0x108 .pio/build/wiscore_rak4631/libFrameworkArduino.a(wiring_digital.c.o)
                0x000000000002d7c8                pinMode
 .text.digitalWrite
                0x000000000002d8d0       0x3c .pio/build/wiscore_rak4631/libFrameworkArduino.a(wiring_digital.c.o)
                0x000000000002d8d0                digitalWrite
 .text.ledOff   0x000000000002d90c        0xa .pio/build/wiscore_rak4631/libFrameworkArduino.a(wiring_digital.c.o)
                0x000000000002d90c                ledOff
 *fill*         0x000000000002d916        0x2 
 .text.exit     0x000000000002d918       0x28 /home/leroy/.platformio/packages/toolchain-gccarmnoneeabi@1.70201.0/bin/../lib/gcc/arm-none-eabi/7.2.1/../../../../arm-none-eabi/lib/thumb/v7e-m/fpv4-sp/hard/libg_nano.a(lib_a-exit.o)
                0x000000000002d918                exit
 .text.__libc_init_array
                0x000000000002d940       0x48 /home/leroy/.platformio/packages/toolchain-gccarmnoneeabi@1.70201.0/bin/../lib/gcc/arm-none-eabi/7.2.1/../../../../arm-none-eabi/lib/thumb/v7e-m/fpv4-sp/hard/libg_nano.a(lib_a-init.o)
                0x000000000002d940                __libc_init_array
 .text.malloc   0x000000000002d988       0x10 /home/leroy/.platformio/packages/toolchain-gccarmnoneeabi@1.70201.0/bin/../lib/gcc/arm-none-eabi/7.2.1/../../../../arm-none-eabi/lib/thumb/v7e-m/fpv4-sp/hard/libg_nano.a(lib_a-malloc.o)
                0x000000000002d988                malloc
 .text.free     0x000000000002d998       0x10 /home/leroy/.platformio/packages/toolchain-gccarmnoneeabi@1.70201.0/bin/../lib/gcc/arm-none-eabi/7.2.1/../../../../arm-none-eabi/lib/thumb/v7e-m/fpv4-sp/hard/libg_nano.a(lib_a-malloc.o)
                0x000000000002d998                free
 .text.__ascii_mbtowc
                0x000000000002d9a8       0x24 /home/leroy/.platformio/packages/toolchain-gccarmnoneeabi@1.70201.0/bin/../lib/gcc/arm-none-eabi/7.2.1/../../../../arm-none-eabi/lib/thumb/v7e-m/fpv4-sp/hard/libg_nano.a(lib_a-mbtowc_r.o)
                0x000000000002d9a8                __ascii_mbtowc
 .text.memcpy   0x000000000002d9cc       0x16 /home/leroy/.platformio/packages/toolchain-gccarmnoneeabi@1.70201.0/bin/../lib/gcc/arm-none-eabi/7.2.1/../../../../arm-none-eabi/lib/thumb/v7e-m/fpv4-sp/hard/libg_nano.a(lib_a-memcpy-stub.o)
                0x000000000002d9cc                memcpy
 .text.memmove  0x000000000002d9e2       0x32 /home/leroy/.platformio/packages/toolchain-gccarmnoneeabi@1.70201.0/bin/../lib/gcc/arm-none-eabi/7.2.1/../../../../arm-none-eabi/lib/thumb/v7e-m/fpv4-sp/hard/libg_nano.a(lib_a-memmove.o)
                0x000000000002d9e2                memmove
 .text.memset   0x000000000002da14       0x10 /home/leroy/.platformio/packages/toolchain-gccarmnoneeabi@1.70201.0/bin/../lib/gcc/arm-none-eabi/7.2.1/../../../../arm-none-eabi/lib/thumb/v7e-m/fpv4-sp/hard/libg_nano.a(lib_a-memset.o)
                0x000000000002da14                memset
 .text.mallinfo
                0x000000000002da24       0x14 /home/leroy/.platformio/packages/toolchain-gccarmnoneeabi@1.70201.0/bin/../lib/gcc/arm-none-eabi/7.2.1/../../../../arm-none-eabi/lib/thumb/v7e-m/fpv4-sp/hard/libg_nano.a(lib_a-mstats.o)
                0x000000000002da24                mallinfo
 .text._free_r  0x000000000002da38       0x9c /home/leroy/.platformio/packages/toolchain-gccarmnoneeabi@1.70201.0/bin/../lib/gcc/arm-none-eabi/7.2.1/../../../../arm-none-eabi/lib/thumb/v7e-m/fpv4-sp/hard/libg_nano.a(lib_a-nano-freer.o)
                0x000000000002da38                _free_r
 .text._mallinfo_r
                0x000000000002dad4       0x64 /home/leroy/.platformio/packages/toolchain-gccarmnoneeabi@1.70201.0/bin/../lib/gcc/arm-none-eabi/7.2.1/../../../../arm-none-eabi/lib/thumb/v7e-m/fpv4-sp/hard/libg_nano.a(lib_a-nano-mallinfor.o)
                0x000000000002dad4                _mallinfo_r
 .text._malloc_r
                0x000000000002db38       0xb4 /home/leroy/.platformio/packages/toolchain-gccarmnoneeabi@1.70201.0/bin/../lib/gcc/arm-none-eabi/7.2.1/../../../../arm-none-eabi/lib/thumb/v7e-m/fpv4-sp/hard/libg_nano.a(lib_a-nano-mallocr.o)
                0x000000000002db38                _malloc_r
 .text.__cvt    0x000000000002dbec       0xc2 /home/leroy/.platformio/packages/toolchain-gccarmnoneeabi@1.70201.0/bin/../lib/gcc/arm-none-eabi/7.2.1/../../../../arm-none-eabi/lib/thumb/v7e-m/fpv4-sp/hard/libg_nano.a(lib_a-nano-vfprintf_float.o)
                0x000000000002dbec                __cvt
 .text.__exponent
                0x000000000002dcae       0x66 /home/leroy/.platformio/packages/toolchain-gccarmnoneeabi@1.70201.0/bin/../lib/gcc/arm-none-eabi/7.2.1/../../../../arm-none-eabi/lib/thumb/v7e-m/fpv4-sp/hard/libg_nano.a(lib_a-nano-vfprintf_float.o)
                0x000000000002dcae                __exponent
 .text._printf_float
                0x000000000002dd14      0x480 /home/leroy/.platformio/packages/toolchain-gccarmnoneeabi@1.70201.0/bin/../lib/gcc/arm-none-eabi/7.2.1/../../../../arm-none-eabi/lib/thumb/v7e-m/fpv4-sp/hard/libg_nano.a(lib_a-nano-vfprintf_float.o)
                0x000000000002dd14                _printf_float
 .text._printf_common
                0x000000000002e194       0xea /home/leroy/.platformio/packages/toolchain-gccarmnoneeabi@1.70201.0/bin/../lib/gcc/arm-none-eabi/7.2.1/../../../../arm-none-eabi/lib/thumb/v7e-m/fpv4-sp/hard/libg_nano.a(lib_a-nano-vfprintf_i.o)
                0x000000000002e194                _printf_common
 *fill*         0x000000000002e27e        0x2 
 .text._printf_i
                0x000000000002e280      0x224 /home/leroy/.platformio/packages/toolchain-gccarmnoneeabi@1.70201.0/bin/../lib/gcc/arm-none-eabi/7.2.1/../../../../arm-none-eabi/lib/thumb/v7e-m/fpv4-sp/hard/libg_nano.a(lib_a-nano-vfprintf_i.o)
                0x000000000002e280                _printf_i
 .text.printf   0x000000000002e4a4       0x30 /home/leroy/.platformio/packages/toolchain-gccarmnoneeabi@1.70201.0/bin/../lib/gcc/arm-none-eabi/7.2.1/../../../../arm-none-eabi/lib/thumb/v7e-m/fpv4-sp/hard/libg_nano.a(lib_a-printf.o)
                0x000000000002e4a4                printf
                0x000000000002e4a4                iprintf
 .text.putchar  0x000000000002e4d4       0x28 /home/leroy/.platformio/packages/toolchain-gccarmnoneeabi@1.70201.0/bin/../lib/gcc/arm-none-eabi/7.2.1/../../../../arm-none-eabi/lib/thumb/v7e-m/fpv4-sp/hard/libg_nano.a(lib_a-putchar.o)
                0x000000000002e4d4                putchar
 .text._puts_r  0x000000000002e4fc       0xb8 /home/leroy/.platformio/packages/toolchain-gccarmnoneeabi@1.70201.0/bin/../lib/gcc/arm-none-eabi/7.2.1/../../../../arm-none-eabi/lib/thumb/v7e-m/fpv4-sp/hard/libg_nano.a(lib_a-puts.o)
                0x000000000002e4fc                _puts_r
 .text.puts     0x000000000002e5b4       0x10 /home/leroy/.platformio/packages/toolchain-gccarmnoneeabi@1.70201.0/bin/../lib/gcc/arm-none-eabi/7.2.1/../../../../arm-none-eabi/lib/thumb/v7e-m/fpv4-sp/hard/libg_nano.a(lib_a-puts.o)
                0x000000000002e5b4                puts
 .text._sbrk_r  0x000000000002e5c4       0x20 /home/leroy/.platformio/packages/toolchain-gccarmnoneeabi@1.70201.0/bin/../lib/gcc/arm-none-eabi/7.2.1/../../../../arm-none-eabi/lib/thumb/v7e-m/fpv4-sp/hard/libg_nano.a(lib_a-sbrkr.o)
                0x000000000002e5c4                _sbrk_r
 .text.sprintf  0x000000000002e5e4       0x40 /home/leroy/.platformio/packages/toolchain-gccarmnoneeabi@1.70201.0/bin/../lib/gcc/arm-none-eabi/7.2.1/../../../../arm-none-eabi/lib/thumb/v7e-m/fpv4-sp/hard/libg_nano.a(lib_a-sprintf.o)
                0x000000000002e5e4                sprintf
                0x000000000002e5e4                siprintf
 .text.strcpy   0x000000000002e624       0x10 /home/leroy/.platformio/packages/toolchain-gccarmnoneeabi@1.70201.0/bin/../lib/gcc/arm-none-eabi/7.2.1/../../../../arm-none-eabi/lib/thumb/v7e-m/fpv4-sp/hard/libg_nano.a(lib_a-strcpy.o)
                0x000000000002e624                strcpy
 .text          0x000000000002e634       0x10 /home/leroy/.platformio/packages/toolchain-gccarmnoneeabi@1.70201.0/bin/../lib/gcc/arm-none-eabi/7.2.1/../../../../arm-none-eabi/lib/thumb/v7e-m/fpv4-sp/hard/libg_nano.a(lib_a-strlen.o)
                0x000000000002e634                strlen
 .text.strncmp  0x000000000002e644       0x24 /home/leroy/.platformio/packages/toolchain-gccarmnoneeabi@1.70201.0/bin/../lib/gcc/arm-none-eabi/7.2.1/../../../../arm-none-eabi/lib/thumb/v7e-m/fpv4-sp/hard/libg_nano.a(lib_a-strncmp.o)
                0x000000000002e644                strncmp
 .text.strncpy  0x000000000002e668       0x2a /home/leroy/.platformio/packages/toolchain-gccarmnoneeabi@1.70201.0/bin/../lib/gcc/arm-none-eabi/7.2.1/../../../../arm-none-eabi/lib/thumb/v7e-m/fpv4-sp/hard/libg_nano.a(lib_a-strncpy.o)
                0x000000000002e668                strncpy
 *fill*         0x000000000002e692        0x2 
 .text.sbrk     0x000000000002e694       0x10 /home/leroy/.platformio/packages/toolchain-gccarmnoneeabi@1.70201.0/bin/../lib/gcc/arm-none-eabi/7.2.1/../../../../arm-none-eabi/lib/thumb/v7e-m/fpv4-sp/hard/libg_nano.a(lib_a-syssbrk.o)
                0x000000000002e694                sbrk
 .text._vsnprintf_r
                0x000000000002e6a4       0x58 /home/leroy/.platformio/packages/toolchain-gccarmnoneeabi@1.70201.0/bin/../lib/gcc/arm-none-eabi/7.2.1/../../../../arm-none-eabi/lib/thumb/v7e-m/fpv4-sp/hard/libg_nano.a(lib_a-vsnprintf.o)
                0x000000000002e6a4                _vsnprintf_r
                0x000000000002e6a4                _vsniprintf_r
 .text.vsnprintf
                0x000000000002e6fc       0x1c /home/leroy/.platformio/packages/toolchain-gccarmnoneeabi@1.70201.0/bin/../lib/gcc/arm-none-eabi/7.2.1/../../../../arm-none-eabi/lib/thumb/v7e-m/fpv4-sp/hard/libg_nano.a(lib_a-vsnprintf.o)
                0x000000000002e6fc                vsnprintf
                0x000000000002e6fc                vsniprintf
 .text.__swbuf_r
                0x000000000002e718       0xa4 /home/leroy/.platformio/packages/toolchain-gccarmnoneeabi@1.70201.0/bin/../lib/gcc/arm-none-eabi/7.2.1/../../../../arm-none-eabi/lib/thumb/v7e-m/fpv4-sp/hard/libg_nano.a(lib_a-wbuf.o)
                0x000000000002e718                __swbuf_r
 .text.__ascii_wctomb
                0x000000000002e7bc       0x1a /home/leroy/.platformio/packages/toolchain-gccarmnoneeabi@1.70201.0/bin/../lib/gcc/arm-none-eabi/7.2.1/../../../../arm-none-eabi/lib/thumb/v7e-m/fpv4-sp/hard/libg_nano.a(lib_a-wctomb_r.o)
                0x000000000002e7bc                __ascii_wctomb
 *fill*         0x000000000002e7d6        0x2 
 .text.__swsetup_r
                0x000000000002e7d8       0xdc /home/leroy/.platformio/packages/toolchain-gccarmnoneeabi@1.70201.0/bin/../lib/gcc/arm-none-eabi/7.2.1/../../../../arm-none-eabi/lib/thumb/v7e-m/fpv4-sp/hard/libg_nano.a(lib_a-wsetup.o)
                0x000000000002e7d8                __swsetup_r
 .text.quorem   0x000000000002e8b4      0x118 /home/leroy/.platformio/packages/toolchain-gccarmnoneeabi@1.70201.0/bin/../lib/gcc/arm-none-eabi/7.2.1/../../../../arm-none-eabi/lib/thumb/v7e-m/fpv4-sp/hard/libg_nano.a(lib_a-dtoa.o)
 *fill*         0x000000000002e9cc        0x4 
 .text._dtoa_r  0x000000000002e9d0      0xb70 /home/leroy/.platformio/packages/toolchain-gccarmnoneeabi@1.70201.0/bin/../lib/gcc/arm-none-eabi/7.2.1/../../../../arm-none-eabi/lib/thumb/v7e-m/fpv4-sp/hard/libg_nano.a(lib_a-dtoa.o)
                0x000000000002e9d0                _dtoa_r
 .text.__sflush_r
                0x000000000002f540      0x10c /home/leroy/.platformio/packages/toolchain-gccarmnoneeabi@1.70201.0/bin/../lib/gcc/arm-none-eabi/7.2.1/../../../../arm-none-eabi/lib/thumb/v7e-m/fpv4-sp/hard/libg_nano.a(lib_a-fflush.o)
                0x000000000002f540                __sflush_r
 .text._fflush_r
                0x000000000002f64c       0x54 /home/leroy/.platformio/packages/toolchain-gccarmnoneeabi@1.70201.0/bin/../lib/gcc/arm-none-eabi/7.2.1/../../../../arm-none-eabi/lib/thumb/v7e-m/fpv4-sp/hard/libg_nano.a(lib_a-fflush.o)
                0x000000000002f64c                _fflush_r
 .text.std      0x000000000002f6a0       0x48 /home/leroy/.platformio/packages/toolchain-gccarmnoneeabi@1.70201.0/bin/../lib/gcc/arm-none-eabi/7.2.1/../../../../arm-none-eabi/lib/thumb/v7e-m/fpv4-sp/hard/libg_nano.a(lib_a-findfp.o)
 .text._cleanup_r
                0x000000000002f6e8        0xc /home/leroy/.platformio/packages/toolchain-gccarmnoneeabi@1.70201.0/bin/../lib/gcc/arm-none-eabi/7.2.1/../../../../arm-none-eabi/lib/thumb/v7e-m/fpv4-sp/hard/libg_nano.a(lib_a-findfp.o)
                0x000000000002f6e8                _cleanup_r
 .text.__sfmoreglue
                0x000000000002f6f4       0x2c /home/leroy/.platformio/packages/toolchain-gccarmnoneeabi@1.70201.0/bin/../lib/gcc/arm-none-eabi/7.2.1/../../../../arm-none-eabi/lib/thumb/v7e-m/fpv4-sp/hard/libg_nano.a(lib_a-findfp.o)
                0x000000000002f6f4                __sfmoreglue
 .text.__sinit  0x000000000002f720       0x60 /home/leroy/.platformio/packages/toolchain-gccarmnoneeabi@1.70201.0/bin/../lib/gcc/arm-none-eabi/7.2.1/../../../../arm-none-eabi/lib/thumb/v7e-m/fpv4-sp/hard/libg_nano.a(lib_a-findfp.o)
                0x000000000002f720                __sinit
 .text.__sfp    0x000000000002f780       0x78 /home/leroy/.platformio/packages/toolchain-gccarmnoneeabi@1.70201.0/bin/../lib/gcc/arm-none-eabi/7.2.1/../../../../arm-none-eabi/lib/thumb/v7e-m/fpv4-sp/hard/libg_nano.a(lib_a-findfp.o)
                0x000000000002f780                __sfp
 .text._fwalk_reent
                0x000000000002f7f8       0x3c /home/leroy/.platformio/packages/toolchain-gccarmnoneeabi@1.70201.0/bin/../lib/gcc/arm-none-eabi/7.2.1/../../../../arm-none-eabi/lib/thumb/v7e-m/fpv4-sp/hard/libg_nano.a(lib_a-fwalk.o)
                0x000000000002f7f8                _fwalk_reent
 .text._localeconv_r
                0x000000000002f834       0x1c /home/leroy/.platformio/packages/toolchain-gccarmnoneeabi@1.70201.0/bin/../lib/gcc/arm-none-eabi/7.2.1/../../../../arm-none-eabi/lib/thumb/v7e-m/fpv4-sp/hard/libg_nano.a(lib_a-localeconv.o)
                0x000000000002f834                _localeconv_r
 .text.__swhatbuf_r
                0x000000000002f850       0x48 /home/leroy/.platformio/packages/toolchain-gccarmnoneeabi@1.70201.0/bin/../lib/gcc/arm-none-eabi/7.2.1/../../../../arm-none-eabi/lib/thumb/v7e-m/fpv4-sp/hard/libg_nano.a(lib_a-makebuf.o)
                0x000000000002f850                __swhatbuf_r
 .text.__smakebuf_r
                0x000000000002f898       0x80 /home/leroy/.platformio/packages/toolchain-gccarmnoneeabi@1.70201.0/bin/../lib/gcc/arm-none-eabi/7.2.1/../../../../arm-none-eabi/lib/thumb/v7e-m/fpv4-sp/hard/libg_nano.a(lib_a-makebuf.o)
                0x000000000002f898                __smakebuf_r
 *fill*         0x000000000002f918        0x8 
 .text          0x000000000002f920       0xa0 /home/leroy/.platformio/packages/toolchain-gccarmnoneeabi@1.70201.0/bin/../lib/gcc/arm-none-eabi/7.2.1/../../../../arm-none-eabi/lib/thumb/v7e-m/fpv4-sp/hard/libg_nano.a(lib_a-memchr.o)
                0x000000000002f920                memchr
 .text.__malloc_lock
                0x000000000002f9c0        0x2 /home/leroy/.platformio/packages/toolchain-gccarmnoneeabi@1.70201.0/bin/../lib/gcc/arm-none-eabi/7.2.1/../../../../arm-none-eabi/lib/thumb/v7e-m/fpv4-sp/hard/libg_nano.a(lib_a-mlock.o)
                0x000000000002f9c0                __malloc_lock
 .text.__malloc_unlock
                0x000000000002f9c2        0x2 /home/leroy/.platformio/packages/toolchain-gccarmnoneeabi@1.70201.0/bin/../lib/gcc/arm-none-eabi/7.2.1/../../../../arm-none-eabi/lib/thumb/v7e-m/fpv4-sp/hard/libg_nano.a(lib_a-mlock.o)
                0x000000000002f9c2                __malloc_unlock
 .text._Balloc  0x000000000002f9c4       0x68 /home/leroy/.platformio/packages/toolchain-gccarmnoneeabi@1.70201.0/bin/../lib/gcc/arm-none-eabi/7.2.1/../../../../arm-none-eabi/lib/thumb/v7e-m/fpv4-sp/hard/libg_nano.a(lib_a-mprec.o)
                0x000000000002f9c4                _Balloc
 .text._Bfree   0x000000000002fa2c       0x2e /home/leroy/.platformio/packages/toolchain-gccarmnoneeabi@1.70201.0/bin/../lib/gcc/arm-none-eabi/7.2.1/../../../../arm-none-eabi/lib/thumb/v7e-m/fpv4-sp/hard/libg_nano.a(lib_a-mprec.o)
                0x000000000002fa2c                _Bfree
 .text.__multadd
                0x000000000002fa5a       0x76 /home/leroy/.platformio/packages/toolchain-gccarmnoneeabi@1.70201.0/bin/../lib/gcc/arm-none-eabi/7.2.1/../../../../arm-none-eabi/lib/thumb/v7e-m/fpv4-sp/hard/libg_nano.a(lib_a-mprec.o)
                0x000000000002fa5a                __multadd
 .text.__hi0bits
                0x000000000002fad0       0x3e /home/leroy/.platformio/packages/toolchain-gccarmnoneeabi@1.70201.0/bin/../lib/gcc/arm-none-eabi/7.2.1/../../../../arm-none-eabi/lib/thumb/v7e-m/fpv4-sp/hard/libg_nano.a(lib_a-mprec.o)
                0x000000000002fad0                __hi0bits
 .text.__lo0bits
                0x000000000002fb0e       0x5e /home/leroy/.platformio/packages/toolchain-gccarmnoneeabi@1.70201.0/bin/../lib/gcc/arm-none-eabi/7.2.1/../../../../arm-none-eabi/lib/thumb/v7e-m/fpv4-sp/hard/libg_nano.a(lib_a-mprec.o)
                0x000000000002fb0e                __lo0bits
 .text.__i2b    0x000000000002fb6c       0x12 /home/leroy/.platformio/packages/toolchain-gccarmnoneeabi@1.70201.0/bin/../lib/gcc/arm-none-eabi/7.2.1/../../../../arm-none-eabi/lib/thumb/v7e-m/fpv4-sp/hard/libg_nano.a(lib_a-mprec.o)
                0x000000000002fb6c                __i2b
 .text.__multiply
                0x000000000002fb7e      0x12c /home/leroy/.platformio/packages/toolchain-gccarmnoneeabi@1.70201.0/bin/../lib/gcc/arm-none-eabi/7.2.1/../../../../arm-none-eabi/lib/thumb/v7e-m/fpv4-sp/hard/libg_nano.a(lib_a-mprec.o)
                0x000000000002fb7e                __multiply
 *fill*         0x000000000002fcaa        0x2 
 .text.__pow5mult
                0x000000000002fcac       0x9c /home/leroy/.platformio/packages/toolchain-gccarmnoneeabi@1.70201.0/bin/../lib/gcc/arm-none-eabi/7.2.1/../../../../arm-none-eabi/lib/thumb/v7e-m/fpv4-sp/hard/libg_nano.a(lib_a-mprec.o)
                0x000000000002fcac                __pow5mult
 .text.__lshift
                0x000000000002fd48       0xa8 /home/leroy/.platformio/packages/toolchain-gccarmnoneeabi@1.70201.0/bin/../lib/gcc/arm-none-eabi/7.2.1/../../../../arm-none-eabi/lib/thumb/v7e-m/fpv4-sp/hard/libg_nano.a(lib_a-mprec.o)
                0x000000000002fd48                __lshift
 .text.__mcmp   0x000000000002fdf0       0x34 /home/leroy/.platformio/packages/toolchain-gccarmnoneeabi@1.70201.0/bin/../lib/gcc/arm-none-eabi/7.2.1/../../../../arm-none-eabi/lib/thumb/v7e-m/fpv4-sp/hard/libg_nano.a(lib_a-mprec.o)
                0x000000000002fdf0                __mcmp
 .text.__mdiff  0x000000000002fe24       0xba /home/leroy/.platformio/packages/toolchain-gccarmnoneeabi@1.70201.0/bin/../lib/gcc/arm-none-eabi/7.2.1/../../../../arm-none-eabi/lib/thumb/v7e-m/fpv4-sp/hard/libg_nano.a(lib_a-mprec.o)
                0x000000000002fe24                __mdiff
 .text.__d2b    0x000000000002fede       0x9e /home/leroy/.platformio/packages/toolchain-gccarmnoneeabi@1.70201.0/bin/../lib/gcc/arm-none-eabi/7.2.1/../../../../arm-none-eabi/lib/thumb/v7e-m/fpv4-sp/hard/libg_nano.a(lib_a-mprec.o)
                0x000000000002fede                __d2b
 .text._calloc_r
                0x000000000002ff7c       0x1c /home/leroy/.platformio/packages/toolchain-gccarmnoneeabi@1.70201.0/bin/../lib/gcc/arm-none-eabi/7.2.1/../../../../arm-none-eabi/lib/thumb/v7e-m/fpv4-sp/hard/libg_nano.a(lib_a-nano-callocr.o)
                0x000000000002ff7c                _calloc_r
 .text.__ssputs_r
                0x000000000002ff98       0xb4 /home/leroy/.platformio/packages/toolchain-gccarmnoneeabi@1.70201.0/bin/../lib/gcc/arm-none-eabi/7.2.1/../../../../arm-none-eabi/lib/thumb/v7e-m/fpv4-sp/hard/libg_nano.a(lib_a-nano-svfprintf.o)
                0x000000000002ff98                __ssputs_r
 .text._svfprintf_r
                0x000000000003004c      0x1ec /home/leroy/.platformio/packages/toolchain-gccarmnoneeabi@1.70201.0/bin/../lib/gcc/arm-none-eabi/7.2.1/../../../../arm-none-eabi/lib/thumb/v7e-m/fpv4-sp/hard/libg_nano.a(lib_a-nano-svfprintf.o)
                0x000000000003004c                _svfprintf_r
                0x000000000003004c                _svfiprintf_r
 .text.__sfputc_r
                0x0000000000030238       0x2e /home/leroy/.platformio/packages/toolchain-gccarmnoneeabi@1.70201.0/bin/../lib/gcc/arm-none-eabi/7.2.1/../../../../arm-none-eabi/lib/thumb/v7e-m/fpv4-sp/hard/libg_nano.a(lib_a-nano-vfprintf.o)
 .text.__sfputs_r
                0x0000000000030266       0x24 /home/leroy/.platformio/packages/toolchain-gccarmnoneeabi@1.70201.0/bin/../lib/gcc/arm-none-eabi/7.2.1/../../../../arm-none-eabi/lib/thumb/v7e-m/fpv4-sp/hard/libg_nano.a(lib_a-nano-vfprintf.o)
                0x0000000000030266                __sfputs_r
 *fill*         0x000000000003028a        0x2 
 .text._vfprintf_r
                0x000000000003028c      0x228 /home/leroy/.platformio/packages/toolchain-gccarmnoneeabi@1.70201.0/bin/../lib/gcc/arm-none-eabi/7.2.1/../../../../arm-none-eabi/lib/thumb/v7e-m/fpv4-sp/hard/libg_nano.a(lib_a-nano-vfprintf.o)
                0x000000000003028c                _vfiprintf_r
                0x000000000003028c                _vfprintf_r
 .text._putc_r  0x00000000000304b4       0x6c /home/leroy/.platformio/packages/toolchain-gccarmnoneeabi@1.70201.0/bin/../lib/gcc/arm-none-eabi/7.2.1/../../../../arm-none-eabi/lib/thumb/v7e-m/fpv4-sp/hard/libg_nano.a(lib_a-putc.o)
                0x00000000000304b4                _putc_r
 .text.__sread  0x0000000000030520       0x22 /home/leroy/.platformio/packages/toolchain-gccarmnoneeabi@1.70201.0/bin/../lib/gcc/arm-none-eabi/7.2.1/../../../../arm-none-eabi/lib/thumb/v7e-m/fpv4-sp/hard/libg_nano.a(lib_a-stdio.o)
                0x0000000000030520                __sread
 .text.__swrite
                0x0000000000030542       0x38 /home/leroy/.platformio/packages/toolchain-gccarmnoneeabi@1.70201.0/bin/../lib/gcc/arm-none-eabi/7.2.1/../../../../arm-none-eabi/lib/thumb/v7e-m/fpv4-sp/hard/libg_nano.a(lib_a-stdio.o)
                0x0000000000030542                __swrite
 .text.__sseek  0x000000000003057a       0x24 /home/leroy/.platformio/packages/toolchain-gccarmnoneeabi@1.70201.0/bin/../lib/gcc/arm-none-eabi/7.2.1/../../../../arm-none-eabi/lib/thumb/v7e-m/fpv4-sp/hard/libg_nano.a(lib_a-stdio.o)
                0x000000000003057a                __sseek
 .text.__sclose
                0x000000000003059e        0x8 /home/leroy/.platformio/packages/toolchain-gccarmnoneeabi@1.70201.0/bin/../lib/gcc/arm-none-eabi/7.2.1/../../../../arm-none-eabi/lib/thumb/v7e-m/fpv4-sp/hard/libg_nano.a(lib_a-stdio.o)
                0x000000000003059e                __sclose
 *fill*         0x00000000000305a6        0x2 
 .text._write_r
                0x00000000000305a8       0x24 /home/leroy/.platformio/packages/toolchain-gccarmnoneeabi@1.70201.0/bin/../lib/gcc/arm-none-eabi/7.2.1/../../../../arm-none-eabi/lib/thumb/v7e-m/fpv4-sp/hard/libg_nano.a(lib_a-writer.o)
                0x00000000000305a8                _write_r
 .text._close_r
                0x00000000000305cc       0x20 /home/leroy/.platformio/packages/toolchain-gccarmnoneeabi@1.70201.0/bin/../lib/gcc/arm-none-eabi/7.2.1/../../../../arm-none-eabi/lib/thumb/v7e-m/fpv4-sp/hard/libg_nano.a(lib_a-closer.o)